Component: ARM Compiler 5.06 update 7 (build 960) Tool: armlink [4d3601]

==============================================================================

Section Cross References

    startup_stm32f103xb.o(RESET) refers to startup_stm32f103xb.o(STACK) for __initial_sp
    startup_stm32f103xb.o(RESET) refers to startup_stm32f103xb.o(.text) for Reset_Handler
    startup_stm32f103xb.o(RESET) refers to stm32f1xx_it.o(i.NMI_Handler) for NMI_Handler
    startup_stm32f103xb.o(RESET) refers to stm32f1xx_it.o(i.HardFault_Handler) for HardFault_Handler
    startup_stm32f103xb.o(RESET) refers to stm32f1xx_it.o(i.MemManage_Handler) for MemManage_Handler
    startup_stm32f103xb.o(RESET) refers to stm32f1xx_it.o(i.BusFault_Handler) for BusFault_Handler
    startup_stm32f103xb.o(RESET) refers to stm32f1xx_it.o(i.UsageFault_Handler) for UsageFault_Handler
    startup_stm32f103xb.o(RESET) refers to stm32f1xx_it.o(i.SVC_Handler) for SVC_Handler
    startup_stm32f103xb.o(RESET) refers to stm32f1xx_it.o(i.DebugMon_Handler) for DebugMon_Handler
    startup_stm32f103xb.o(RESET) refers to stm32f1xx_it.o(i.PendSV_Handler) for PendSV_Handler
    startup_stm32f103xb.o(RESET) refers to stm32f1xx_it.o(i.SysTick_Handler) for SysTick_Handler
    startup_stm32f103xb.o(RESET) refers to stm32f1xx_it.o(i.DMA1_Channel1_IRQHandler) for DMA1_Channel1_IRQHandler
    startup_stm32f103xb.o(RESET) refers to stm32f1xx_it.o(i.TIM2_IRQHandler) for TIM2_IRQHandler
    startup_stm32f103xb.o(RESET) refers to stm32f1xx_it.o(i.TIM3_IRQHandler) for TIM3_IRQHandler
    startup_stm32f103xb.o(.text) refers to system_stm32f1xx.o(i.SystemInit) for SystemInit
    startup_stm32f103xb.o(.text) refers to entry.o(.ARM.Collect$$$$00000000) for __main
    user_usart.o(i.fgetc) refers to stm32f1xx_hal_uart.o(i.HAL_UART_Receive) for HAL_UART_Receive
    user_usart.o(i.fgetc) refers to user_usart.o(.data) for .data
    user_usart.o(i.fgetc) refers to usart.o(.bss) for huart1
    user_usart.o(i.fputc) refers to stm32f1xx_hal_uart.o(i.HAL_UART_Transmit) for HAL_UART_Transmit
    user_usart.o(i.fputc) refers to user_usart.o(.data) for .data
    user_usart.o(i.fputc) refers to usart.o(.bss) for huart1
    user_calculate.o(i.AD_calcuate) refers to ffltui.o(.text) for __aeabi_ui2f
    user_calculate.o(i.AD_calcuate) refers to fmul.o(.text) for __aeabi_fmul
    user_calculate.o(i.AD_calcuate) refers to fscalb.o(.text) for __ARM_scalbnf
    user_calculate.o(i.BubbleSort) refers to cfrcmple.o(.text) for __aeabi_cfrcmple
    user_interface.o(i.Draw_Background) refers to oled_draw.o(i.DrawLine) for DrawLine
    user_interface.o(i.Draw_Background) refers to oled_basic.o(i.UpdateScreen) for UpdateScreen
    user_interface.o(i.HeartRate_Display) refers to oled_draw.o(i.DrawString) for DrawString
    user_interface.o(i.HeartRate_Display) refers to ffixi.o(.text) for __aeabi_f2iz
    user_interface.o(i.HeartRate_Display) refers to printf3.o(i.__0sprintf$3) for __2sprintf
    user_interface.o(i.HeartRate_Display) refers to oled_draw.o(i.Clear_Screen) for Clear_Screen
    user_interface.o(i.HeartRate_Display) refers to oled_basic.o(i.UpdateScreen) for UpdateScreen
    user_interface.o(i.HeartState_Display) refers to oled_draw.o(i.DrawString) for DrawString
    user_interface.o(i.HeartState_Display) refers to oled_draw.o(i.Clear_Screen) for Clear_Screen
    user_interface.o(i.HeartState_Display) refers to oled_basic.o(i.UpdateScreen) for UpdateScreen
    user_interface.o(i.HeartWave_display) refers to f2d.o(.text) for __aeabi_f2d
    user_interface.o(i.HeartWave_display) refers to ddiv.o(.text) for __aeabi_ddiv
    user_interface.o(i.HeartWave_display) refers to dscalb.o(.text) for __ARM_scalbn
    user_interface.o(i.HeartWave_display) refers to dadd.o(.text) for __aeabi_dadd
    user_interface.o(i.HeartWave_display) refers to d2f.o(.text) for __aeabi_d2f
    user_interface.o(i.HeartWave_display) refers to oled_draw.o(i.Clear_Screen) for Clear_Screen
    user_interface.o(i.HeartWave_display) refers to user_interface.o(i.Draw_Background) for Draw_Background
    user_interface.o(i.HeartWave_display) refers to ffixi.o(.text) for __aeabi_f2iz
    user_interface.o(i.HeartWave_display) refers to oled_draw.o(i.DrawLine) for DrawLine
    user_interface.o(i.HeartWave_display) refers to oled_basic.o(i.UpdateScreen) for UpdateScreen
    user_interface.o(i.Wave_Background) refers to user_interface.o(i.Draw_Background) for Draw_Background
    user_interface.o(i.Wave_Background) refers to oled_basic.o(i.UpdateScreen) for UpdateScreen
    valuepack.o(i.endValuePack) refers to valuepack.o(.data) for .data
    valuepack.o(i.putBool) refers to valuepack.o(.data) for .data
    valuepack.o(i.putByte) refers to valuepack.o(.data) for .data
    valuepack.o(i.putFloat) refers to valuepack.o(.data) for .data
    valuepack.o(i.putInt) refers to valuepack.o(.data) for .data
    valuepack.o(i.putShort) refers to valuepack.o(.data) for .data
[...]
    ../fplib/microlib/fpmul.c                0x00000000   Number         0  fmul.o ABSOLUTE
    ../fplib/microlib/fpscalb.c              0x00000000   Number         0  fscalb.o ABSOLUTE
    ../fplib/microlib/fpscalb.c              0x00000000   Number         0  dscalb.o ABSOLUTE
    ../mathlib/atan.c                        0x00000000   Number         0  atan.o ABSOLUTE
    ../mathlib/atan.c                        0x00000000   Number         0  atan_x.o ABSOLUTE
    ../mathlib/atan2.c                       0x00000000   Number         0  atan2_x.o ABSOLUTE
    ../mathlib/atan2.c                       0x00000000   Number         0  atan2.o ABSOLUTE
    ../mathlib/cos.c                         0x00000000   Number         0  cos_x.o ABSOLUTE
    ../mathlib/cos.c                         0x00000000   Number         0  cos.o ABSOLUTE
    ../mathlib/cos_i.c                       0x00000000   Number         0  cos_i.o ABSOLUTE
    ../mathlib/dunder.c                      0x00000000   Number         0  dunder.o ABSOLUTE
    ../mathlib/fpclassify.c                  0x00000000   Number         0  fpclassify.o ABSOLUTE
    ../mathlib/poly.c                        0x00000000   Number         0  poly.o ABSOLUTE
    ../mathlib/qnan.c                        0x00000000   Number         0  qnan.o ABSOLUTE
    ../mathlib/rred.c                        0x00000000   Number         0  rred.o ABSOLUTE
    ../mathlib/sin.c                         0x00000000   Number         0  sin.o ABSOLUTE
    ../mathlib/sin.c                         0x00000000   Number         0  sin_x.o ABSOLUTE
    ../mathlib/sin_i.c                       0x00000000   Number         0  sin_i_x.o ABSOLUTE
    ../mathlib/sin_i.c                       0x00000000   Number         0  sin_i.o ABSOLUTE
    ..\Core\Src\adc.c                        0x00000000   Number         0  adc.o ABSOLUTE
    ..\Core\Src\dma.c                        0x00000000   Number         0  dma.o ABSOLUTE
    ..\Core\Src\gpio.c                       0x00000000   Number         0  gpio.o ABSOLUTE
    ..\Core\Src\main.c                       0x00000000   Number         0  main.o ABSOLUTE
    ..\Core\Src\stm32f1xx_hal_msp.c          0x00000000   Number         0  stm32f1xx_hal_msp.o ABSOLUTE
    ..\Core\Src\stm32f1xx_it.c               0x00000000   Number         0  stm32f1xx_it.o ABSOLUTE
    ..\Core\Src\system_stm32f1xx.c           0x00000000   Number         0  system_stm32f1xx.o ABSOLUTE
    ..\Core\Src\tim.c                        0x00000000   Number         0  tim.o ABSOLUTE
    ..\Core\Src\usart.c                      0x00000000   Number         0  usart.o ABSOLUTE
    ..\Drivers\STM32F1xx_HAL_Driver\Src\stm32f1xx_hal.c 0x00000000   Number         0  stm32f1xx_hal.o ABSOLUTE
    ..\Drivers\STM32F1xx_HAL_Driver\Src\stm32f1xx_hal_adc.c 0x00000000   Number         0  stm32f1xx_hal_adc.o ABSOLUTE
    ..\Drivers\STM32F1xx_HAL_Driver\Src\stm32f1xx_hal_adc_ex.c 0x00000000   Number         0  stm32f1xx_hal_adc_ex.o ABSOLUTE
    ..\Drivers\STM32F1xx_HAL_Driver\Src\stm32f1xx_hal_cortex.c 0x00000000   Number         0  stm32f1xx_hal_cortex.o ABSOLUTE
    ..\Drivers\STM32F1xx_HAL_Driver\Src\stm32f1xx_hal_dma.c 0x00000000   Number         0  stm32f1xx_hal_dma.o ABSOLUTE
    ..\Drivers\STM32F1xx_HAL_Driver\Src\stm32f1xx_hal_exti.c 0x00000000   Number         0  stm32f1xx_hal_exti.o ABSOLUTE
    ..\Drivers\STM32F1xx_HAL_Driver\Src\stm32f1xx_hal_flash.c 0x00000000   Number         0  stm32f1xx_hal_flash.o ABSOLUTE
    ..\Drivers\STM32F1xx_HAL_Driver\Src\stm32f1xx_hal_flash_ex.c 0x00000000   Number         0  stm32f1xx_hal_flash_ex.o ABSOLUTE
    ..\Drivers\STM32F1xx_HAL_Driver\Src\stm32f1xx_hal_gpio.c 0x00000000   Number         0  stm32f1xx_hal_gpio.o ABSOLUTE
    ..\Drivers\STM32F1xx_HAL_Driver\Src\stm32f1xx_hal_gpio_ex.c 0x00000000   Number         0  stm32f1xx_hal_gpio_ex.o ABSOLUTE
    ..\Drivers\STM32F1xx_HAL_Driver\Src\stm32f1xx_hal_pwr.c 0x00000000   Number         0  stm32f1xx_hal_pwr.o ABSOLUTE
    ..\Drivers\STM32F1xx_HAL_Driver\Src\stm32f1xx_hal_rcc.c 0x00000000   Number         0  stm32f1xx_hal_rcc.o ABSOLUTE
    ..\Drivers\STM32F1xx_HAL_Driver\Src\stm32f1xx_hal_rcc_ex.c 0x00000000   Number         0  stm32f1xx_hal_rcc_ex.o ABSOLUTE
    ..\Drivers\STM32F1xx_HAL_Driver\Src\stm32f1xx_hal_tim.c 0x00000000   Number         0  stm32f1xx_hal_tim.o ABSOLUTE
    ..\Drivers\STM32F1xx_HAL_Driver\Src\stm32f1xx_hal_tim_ex.c 0x00000000   Number         0  stm32f1xx_hal_tim_ex.o ABSOLUTE
    ..\Drivers\STM32F1xx_HAL_Driver\Src\stm32f1xx_hal_uart.c 0x00000000   Number         0  stm32f1xx_hal_uart.o ABSOLUTE
    ..\STM32DSP\cr4_fft_1024_stm32.s         0x00000000   Number         0  cr4_fft_1024_stm32.o ABSOLUTE
    ..\STM32DSP\cr4_fft_256_stm32.s          0x00000000   Number         0  cr4_fft_256_stm32.o ABSOLUTE
    ..\UserPack\bspkey\key.c                 0x00000000   Number         0  key.o ABSOLUTE
    ..\UserPack\calculate\user_calculate.c   0x00000000   Number         0  user_calculate.o ABSOLUTE
    ..\UserPack\oledlib\oled_basic.c         0x00000000   Number         0  oled_basic.o ABSOLUTE
    ..\UserPack\oledlib\oled_bmp.c           0x00000000   Number         0  oled_bmp.o ABSOLUTE
    ..\UserPack\oledlib\oled_buffer.c        0x00000000   Number         0  oled_buffer.o ABSOLUTE
    ..\UserPack\oledlib\oled_color.c         0x00000000   Number         0  oled_color.o ABSOLUTE
    ..\UserPack\oledlib\oled_config.c        0x00000000   Number         0  oled_config.o ABSOLUTE
    ..\UserPack\oledlib\oled_debug.c         0x00000000   Number         0  oled_debug.o ABSOLUTE
    ..\UserPack\oledlib\oled_draw.c          0x00000000   Number         0  oled_draw.o ABSOLUTE
    ..\UserPack\oledlib\oled_driver.c        0x00000000   Number         0  oled_driver.o ABSOLUTE
    ..\UserPack\oledlib\oled_font.c          0x00000000   Number         0  oled_font.o ABSOLUTE
    ..\UserPack\oledlib\test.c               0x00000000   Number         0  test.o ABSOLUTE
    ..\UserPack\user_interface\user_interface.c 0x00000000   Number         0  user_interface.o ABSOLUTE
    ..\UserPack\vaulepack\valuepack.c        0x00000000   Number         0  valuepack.o ABSOLUTE
    ..\\UserPack\\bspkey\\key.c              0x00000000   Number         0  key.o ABSOLUTE
    ..\\UserPack\\calculate\\user_calculate.c 0x00000000   Number         0  user_calculate.o ABSOLUTE
    ..\\UserPack\\oledlib\\oled_config.c     0x00000000   Number         0  oled_config.o ABSOLUTE
    ..\\UserPack\\oledlib\\oled_driver.c     0x00000000   Number         0  oled_driver.o ABSOLUTE
    ..\\UserPack\\user_interface\\user_interface.c 0x00000000   Number         0  user_interface.o ABSOLUTE
    ..\\UserPack\\vaulepack\\valuepack.c     0x00000000   Number         0  valuepack.o ABSOLUTE
    cdcmple.s                                0x00000000   Number         0  cdcmple.o ABSOLUTE
    cdrcmple.s                               0x00000000   Number         0  cdrcmple.o ABSOLUTE
    cfrcmple.s                               0x00000000   Number         0  cfrcmple.o ABSOLUTE
    dc.s                                     0x00000000   Number         0  dc.o ABSOLUTE
    handlers.s                               0x00000000   Number         0  handlers.o ABSOLUTE
    init.s                                   0x00000000   Number         0  init.o ABSOLUTE
    startup_stm32f103xb.s                    0x00000000   Number         0  startup_stm32f103xb.o ABSOLUTE
    user_usart.c                             0x00000000   Number         0  user_usart.o ABSOLUTE
    user_usart.c                             0x00000000   Number         0  user_usart.o ABSOLUTE
    RESET                                    0x08000000   Section      236  startup_stm32f103xb.o(RESET)
    .ARM.Collect$$$$00000000                 0x080000ec   Section        0  entry.o(.ARM.Collect$$$$00000000)
    .ARM.Collect$$$$00000001                 0x080000ec   Section        4  entry2.o(.ARM.Collect$$$$00000001)
    .ARM.Collect$$$$00000004                 0x080000f0   Section        4  entry5.o(.ARM.Collect$$$$00000004)
    .ARM.Collect$$$$00000008                 0x080000f4   Section        0  entry7b.o(.ARM.Collect$$$$00000008)
    .ARM.Collect$$$$0000000A                 0x080000f4   Section        0  entry8b.o(.ARM.Collect$$$$0000000A)
    .ARM.Collect$$$$0000000B                 0x080000f4   Section        8  entry9a.o(.ARM.Collect$$$$0000000B)
    .ARM.Collect$$$$0000000E                 0x080000fc   Section        4  entry12b.o(.ARM.Collect$$$$0000000E)
    .ARM.Collect$$$$0000000F                 0x08000100   Section        0  entry10a.o(.ARM.Collect$$$$0000000F)
    .ARM.Collect$$$$00000011                 0x08000100   Section        0  entry11a.o(.ARM.Collect$$$$00000011)
    .ARM.Collect$$$$00002712                 0x08000100   Section        4  entry2.o(.ARM.Collect$$$$00002712)
    __lit__00000000                          0x08000100   Data           4  entry2.o(.ARM.Collect$$$$00002712)
    .text                                    0x08000104   Section       36  startup_stm32f103xb.o(.text)
    .text                                    0x08000128   Section        0  llushr.o(.text)
    .text                                    0x08000148   Section        0  memseta.o(.text)
    .text                                    0x0800016c   Section        0  fmul.o(.text)
    .text                                    0x080001d0   Section        0  fscalb.o(.text)
    .text                                    0x080001e8   Section        0  dadd.o(.text)
    .text                                    0x08000336   Section        0  ddiv.o(.text)
    .text                                    0x08000414   Section        0  dscalb.o(.text)
    .text                                    0x08000442   Section        0  fflti.o(.text)
    .text                                    0x08000454   Section        0  ffltui.o(.text)
    .text                                    0x0800045e   Section        0  ffixi.o(.text)
    .text                                    0x08000490   Section        0  ffixui.o(.text)
    .text                                    0x080004b8   Section        0  dfixui.o(.text)
    .text                                    0x080004ea   Section        0  f2d.o(.text)
    .text                                    0x08000510   Section        0  d2f.o(.text)
    .text                                    0x08000548   Section        0  uidiv.o(.text)
    .text                                    0x08000574   Section        0  llshl.o(.text)
    .text                                    0x08000592   Section        0  llsshr.o(.text)
    .text                                    0x080005b6   Section        0  iusefp.o(.text)
    .text                                    0x080005b6   Section        0  fepilogue.o(.text)
    .text                                    0x08000624   Section        0  depilogue.o(.text)
    .text                                    0x080006e0   Section       36  init.o(.text)
    .text                                    0x08000704   Section        0  __dclz77c.o(.text)
    i.ADC_ConversionStop_Disable             0x08000764   Section        0  stm32f1xx_hal_adc.o(i.ADC_ConversionStop_Disable)
    i.ADC_DMAConvCplt                        0x080007ba   Section        0  stm32f1xx_hal_adc.o(i.ADC_DMAConvCplt)
    i.ADC_DMAError                           0x08000808   Section        0  stm32f1xx_hal_adc.o(i.ADC_DMAError)
    i.ADC_DMAHalfConvCplt                    0x08000822   Section        0  stm32f1xx_hal_adc.o(i.ADC_DMAHalfConvCplt)
    i.ADC_Enable                             0x0800082c   Section        0  stm32f1xx_hal_adc.o(i.ADC_Enable)
    i.ADC_Start                              0x080008a8   Section        0  main.o(i.ADC_Start)
    i.ADC_Stop                               0x080008cc   Section        0  main.o(i.ADC_Stop)
    i.AD_calcuate                            0x080008e8   Section        0  user_calculate.o(i.AD_calcuate)
    i.BusFault_Handler                       0x08000928   Section        0  stm32f1xx_it.o(i.BusFault_Handler)
    i.Clear_Screen                           0x0800092c   Section        0  oled_draw.o(i.Clear_Screen)
    i.DMA1_Channel1_IRQHandler               0x08000970   Section        0  stm32f1xx_it.o(i.DMA1_Channel1_IRQHandler)
    i.DMA_SetConfig                          0x0800097c   Section        0  stm32f1xx_hal_dma.o(i.DMA_SetConfig)
    DMA_SetConfig                            0x0800097d   Thumb Code    42  stm32f1xx_hal_dma.o(i.DMA_SetConfig)
    i.DebugMon_Handler                       0x080009a6   Section        0  stm32f1xx_it.o(i.DebugMon_Handler)
    i.DrawChar                               0x080009a8   Section        0  oled_draw.o(i.DrawChar)
    i.DrawLine                               0x08000acc   Section        0  oled_draw.o(i.DrawLine)
    i.DrawString                             0x08000b72   Section        0  oled_draw.o(i.DrawString)
    i.Draw_Background                        0x08000be0   Section        0  user_interface.o(i.Draw_Background)
    Draw_Background                          0x08000be1   Thumb Code    98  user_interface.o(i.Draw_Background)
    i.Error_Handler                          0x08000c42   Section        0  main.o(i.Error_Handler)
    i.GetDrawColor                           0x08000c48   Section        0  oled_color.o(i.GetDrawColor)
    i.GetFontSize                            0x08000c54   Section        0  oled_font.o(i.GetFontSize)
    i.GetKeyFlag                             0x08000c60   Section        0  key.o(i.GetKeyFlag)
    i.GetTextBkMode                          0x08000cc0   Section        0  oled_font.o(i.GetTextBkMode)
    i.HAL_ADC_ConfigChannel                  0x08000ccc   Section        0  stm32f1xx_hal_adc.o(i.HAL_ADC_ConfigChannel)
    i.HAL_ADC_ConvCpltCallback               0x08000dc8   Section        0  main.o(i.HAL_ADC_ConvCpltCallback)
    i.HAL_ADC_ConvHalfCpltCallback           0x08000ddc   Section        0  stm32f1xx_hal_adc.o(i.HAL_ADC_ConvHalfCpltCallback)
    i.HAL_ADC_ErrorCallback                  0x08000dde   Section        0  stm32f1xx_hal_adc.o(i.HAL_ADC_ErrorCallback)
    i.HAL_ADC_Init                           0x08000de0   Section        0  stm32f1xx_hal_adc.o(i.HAL_ADC_Init)
    i.HAL_ADC_MspInit                        0x08000efc   Section        0  adc.o(i.HAL_ADC_MspInit)
    i.HAL_ADC_Start_DMA                      0x08000f8c   Section        0  stm32f1xx_hal_adc.o(i.HAL_ADC_Start_DMA)
    i.HAL_ADC_Stop_DMA                       0x08001098   Section        0  stm32f1xx_hal_adc.o(i.HAL_ADC_Stop_DMA)
    i.HAL_DMA_Abort                          0x080010ee   Section        0  stm32f1xx_hal_dma.o(i.HAL_DMA_Abort)
    i.HAL_DMA_IRQHandler                     0x08001134   Section        0  stm32f1xx_hal_dma.o(i.HAL_DMA_IRQHandler)
    i.HAL_DMA_Init                           0x08001288   Section        0  stm32f1xx_hal_dma.o(i.HAL_DMA_Init)
    i.HAL_DMA_Start_IT                       0x080012e4   Section        0  stm32f1xx_hal_dma.o(i.HAL_DMA_Start_IT)
    i.HAL_GPIO_Init                          0x08001354   Section        0  stm32f1xx_hal_gpio.o(i.HAL_GPIO_Init)
    i.HAL_GPIO_ReadPin                       0x08001534   Section        0  stm32f1xx_hal_gpio.o(i.HAL_GPIO_ReadPin)
    i.HAL_GPIO_WritePin                      0x0800153e   Section        0  stm32f1xx_hal_gpio.o(i.HAL_GPIO_WritePin)
    i.HAL_GetTick                            0x08001548   Section        0  stm32f1xx_hal.o(i.HAL_GetTick)
    i.HAL_IncTick                            0x08001554   Section        0  stm32f1xx_hal.o(i.HAL_IncTick)
    i.HAL_Init                               0x08001564   Section        0  stm32f1xx_hal.o(i.HAL_Init)
    i.HAL_InitTick                           0x08001588   Section        0  stm32f1xx_hal.o(i.HAL_InitTick)
    i.HAL_MspInit                            0x080015c8   Section        0  stm32f1xx_hal_msp.o(i.HAL_MspInit)
    i.HAL_NVIC_EnableIRQ                     0x08001604   Section        0  stm32f1xx_hal_cortex.o(i.HAL_NVIC_EnableIRQ)
    i.HAL_NVIC_SetPriority                   0x08001620   Section        0  stm32f1xx_hal_cortex.o(i.HAL_NVIC_SetPriority)
    i.HAL_NVIC_SetPriorityGrouping           0x08001660   Section        0  stm32f1xx_hal_cortex.o(i.HAL_NVIC_SetPriorityGrouping)
    i.HAL_RCCEx_PeriphCLKConfig              0x08001684   Section        0  stm32f1xx_hal_rcc_ex.o(i.HAL_RCCEx_PeriphCLKConfig)
    i.HAL_RCC_ClockConfig                    0x08001770   Section        0  stm32f1xx_hal_rcc.o(i.HAL_RCC_ClockConfig)
    i.HAL_RCC_GetPCLK1Freq                   0x0800189c   Section        0  stm32f1xx_hal_rcc.o(i.HAL_RCC_GetPCLK1Freq)
    i.HAL_RCC_GetPCLK2Freq                   0x080018bc   Section        0  stm32f1xx_hal_rcc.o(i.HAL_RCC_GetPCLK2Freq)
    i.HAL_RCC_GetSysClockFreq                0x080018dc   Section        0  stm32f1xx_hal_rcc.o(i.HAL_RCC_GetSysClockFreq)
    i.HAL_RCC_OscConfig                      0x08001948   Section        0  stm32f1xx_hal_rcc.o(i.HAL_RCC_OscConfig)
    i.HAL_SYSTICK_Config                     0x08001c68   Section        0  stm32f1xx_hal_cortex.o(i.HAL_SYSTICK_Config)
    i.HAL_TIMEx_BreakCallback                0x08001c90   Section        0  stm32f1xx_hal_tim_ex.o(i.HAL_TIMEx_BreakCallback)
    i.HAL_TIMEx_CommutCallback               0x08001c92   Section        0  stm32f1xx_hal_tim_ex.o(i.HAL_TIMEx_CommutCallback)
    i.HAL_TIMEx_MasterConfigSynchronization  0x08001c94   Section        0  stm32f1xx_hal_tim_ex.o(i.HAL_TIMEx_MasterConfigSynchronization)
    i.HAL_TIM_Base_Init                      0x08001cfc   Section        0  stm32f1xx_hal_tim.o(i.HAL_TIM_Base_Init)
    i.HAL_TIM_Base_MspInit                   0x08001d58   Section        0  tim.o(i.HAL_TIM_Base_MspInit)
    i.HAL_TIM_Base_Start                     0x08001dbc   Section        0  stm32f1xx_hal_tim.o(i.HAL_TIM_Base_Start)
    i.HAL_TIM_Base_Start_IT                  0x08001e0c   Section        0  stm32f1xx_hal_tim.o(i.HAL_TIM_Base_Start_IT)
    i.HAL_TIM_Base_Stop                      0x08001e64   Section        0  stm32f1xx_hal_tim.o(i.HAL_TIM_Base_Stop)
    i.HAL_TIM_Base_Stop_IT                   0x08001e8a   Section        0  stm32f1xx_hal_tim.o(i.HAL_TIM_Base_Stop_IT)
    i.HAL_TIM_ConfigClockSource              0x08001eba   Section        0  stm32f1xx_hal_tim.o(i.HAL_TIM_ConfigClockSource)
    i.HAL_TIM_IC_CaptureCallback             0x08001f90   Section        0  tim.o(i.HAL_TIM_IC_CaptureCallback)
    i.HAL_TIM_IC_ConfigChannel               0x08002014   Section        0  stm32f1xx_hal_tim.o(i.HAL_TIM_IC_ConfigChannel)
    i.HAL_TIM_IC_Init                        0x08002122   Section        0  stm32f1xx_hal_tim.o(i.HAL_TIM_IC_Init)
    i.HAL_TIM_IC_MspInit                     0x0800217c   Section        0  stm32f1xx_hal_tim.o(i.HAL_TIM_IC_MspInit)
    i.HAL_TIM_IC_Start_IT                    0x08002180   Section        0  stm32f1xx_hal_tim.o(i.HAL_TIM_IC_Start_IT)
    i.HAL_TIM_IC_Stop_IT                     0x08002260   Section        0  stm32f1xx_hal_tim.o(i.HAL_TIM_IC_Stop_IT)
    i.HAL_TIM_IRQHandler                     0x080022e6   Section        0  stm32f1xx_hal_tim.o(i.HAL_TIM_IRQHandler)
    i.HAL_TIM_MspPostInit                    0x0800244c   Section        0  tim.o(i.HAL_TIM_MspPostInit)
    i.HAL_TIM_OC_DelayElapsedCallback        0x08002494   Section        0  stm32f1xx_hal_tim.o(i.HAL_TIM_OC_DelayElapsedCallback)
    i.HAL_TIM_PWM_ConfigChannel              0x08002496   Section        0  stm32f1xx_hal_tim.o(i.HAL_TIM_PWM_ConfigChannel)
    i.HAL_TIM_PWM_Init                       0x0800255c   Section        0  stm32f1xx_hal_tim.o(i.HAL_TIM_PWM_Init)
    i.HAL_TIM_PWM_MspInit                    0x080025b8   Section        0  tim.o(i.HAL_TIM_PWM_MspInit)
    i.HAL_TIM_PWM_PulseFinishedCallback      0x080025f4   Section        0  stm32f1xx_hal_tim.o(i.HAL_TIM_PWM_PulseFinishedCallback)
    i.HAL_TIM_PWM_Start                      0x080025f8   Section        0  stm32f1xx_hal_tim.o(i.HAL_TIM_PWM_Start)
    i.HAL_TIM_PeriodElapsedCallback          0x08002694   Section        0  tim.o(i.HAL_TIM_PeriodElapsedCallback)
    i.HAL_TIM_ReadCapturedValue              0x080026b0   Section        0  stm32f1xx_hal_tim.o(i.HAL_TIM_ReadCapturedValue)
    i.HAL_TIM_TriggerCallback                0x080026da   Section        0  stm32f1xx_hal_tim.o(i.HAL_TIM_TriggerCallback)
    i.HAL_UART_Init                          0x080026dc   Section        0  stm32f1xx_hal_uart.o(i.HAL_UART_Init)
    i.HAL_UART_MspInit                       0x08002740   Section        0  usart.o(i.HAL_UART_MspInit)
    i.HAL_UART_Transmit                      0x080027fc   Section        0  stm32f1xx_hal_uart.o(i.HAL_UART_Transmit)
    i.HardFault_Handler                      0x080028ae   Section        0  stm32f1xx_it.o(i.HardFault_Handler)
    i.HeartRate_Display                      0x080028b0   Section        0  user_interface.o(i.HeartRate_Display)
    i.HeartState_Display                     0x08002918   Section        0  user_interface.o(i.HeartState_Display)
    i.HeartWave_display                      0x080029c0   Section        0  user_interface.o(i.HeartWave_display)
    i.IIC_Start                              0x08002a5c   Section        0  oled_driver.o(i.IIC_Start)
    i.IIC_Stop                               0x08002a94   Section        0  oled_driver.o(i.IIC_Stop)
    i.IIC_Wait_Ack                           0x08002ac0   Section        0  oled_driver.o(i.IIC_Wait_Ack)
    i.MX_ADC1_Init                           0x08002ae4   Section        0  adc.o(i.MX_ADC1_Init)
    i.MX_DMA_Init                            0x08002b30   Section        0  dma.o(i.MX_DMA_Init)
    i.MX_GPIO_Init                           0x08002b5c   Section        0  gpio.o(i.MX_GPIO_Init)
    i.MX_TIM2_Init                           0x08002c18   Section        0  tim.o(i.MX_TIM2_Init)
    i.MX_TIM3_Init                           0x08002cb0   Section        0  tim.o(i.MX_TIM3_Init)
    i.MX_USART1_UART_Init                    0x08002d48   Section        0  usart.o(i.MX_USART1_UART_Init)
    i.MX_USART3_UART_Init                    0x08002d80   Section        0  usart.o(i.MX_USART3_UART_Init)
    i.MemManage_Handler                      0x08002db8   Section        0  stm32f1xx_it.o(i.MemManage_Handler)
    i.NMI_Handler                            0x08002dba   Section        0  stm32f1xx_it.o(i.NMI_Handler)
    i.OLED_CLS                               0x08002dbc   Section        0  oled_driver.o(i.OLED_CLS)
    i.OLED_FILL                              0x08002df0   Section        0  oled_driver.o(i.OLED_FILL)
    i.OLED_Init                              0x08002e2a   Section        0  oled_driver.o(i.OLED_Init)
    i.PendSV_Handler                         0x08002edc   Section        0  stm32f1xx_it.o(i.PendSV_Handler)
    i.SVC_Handler                            0x08002ede   Section        0  stm32f1xx_it.o(i.SVC_Handler)
    i.Sampling_time                          0x08002ee0   Section        0  tim.o(i.Sampling_time)
    i.SetPointBuffer                         0x08002f44   Section        0  oled_buffer.o(i.SetPointBuffer)
    i.SysTick_Handler                        0x08002f88   Section        0  stm32f1xx_it.o(i.SysTick_Handler)
    i.SystemClock_Config                     0x08002f8c   Section        0  main.o(i.SystemClock_Config)
    i.SystemInit                             0x08003002   Section        0  system_stm32f1xx.o(i.SystemInit)
    i.TIM2_IRQHandler                        0x08003004   Section        0  stm32f1xx_it.o(i.TIM2_IRQHandler)
    i.TIM2_Poll                              0x08003010   Section        0  tim.o(i.TIM2_Poll)
    i.TIM2_SetCapturePolarity                0x08003090   Section        0  tim.o(i.TIM2_SetCapturePolarity)
    i.TIM3_IRQHandler                        0x080030b0   Section        0  stm32f1xx_it.o(i.TIM3_IRQHandler)
    i.TIM_Base_SetConfig                     0x080030bc   Section        0  stm32f1xx_hal_tim.o(i.TIM_Base_SetConfig)
    i.TIM_CCxChannelCmd                      0x08003128   Section        0  stm32f1xx_hal_tim.o(i.TIM_CCxChannelCmd)
    i.TIM_ETR_SetConfig                      0x08003142   Section        0  stm32f1xx_hal_tim.o(i.TIM_ETR_SetConfig)
    i.TIM_ITRx_SetConfig                     0x08003156   Section        0  stm32f1xx_hal_tim.o(i.TIM_ITRx_SetConfig)
    TIM_ITRx_SetConfig                       0x08003157   Thumb Code    16  stm32f1xx_hal_tim.o(i.TIM_ITRx_SetConfig)
    i.TIM_OC1_SetConfig                      0x08003168   Section        0  stm32f1xx_hal_tim.o(i.TIM_OC1_SetConfig)
    TIM_OC1_SetConfig                        0x08003169   Thumb Code    74  stm32f1xx_hal_tim.o(i.TIM_OC1_SetConfig)
    i.TIM_OC2_SetConfig                      0x080031b8   Section        0  stm32f1xx_hal_tim.o(i.TIM_OC2_SetConfig)
    i.TIM_OC3_SetConfig                      0x08003210   Section        0  stm32f1xx_hal_tim.o(i.TIM_OC3_SetConfig)
    TIM_OC3_SetConfig                        0x08003211   Thumb Code    82  stm32f1xx_hal_tim.o(i.TIM_OC3_SetConfig)
    i.TIM_OC4_SetConfig                      0x08003268   Section        0  stm32f1xx_hal_tim.o(i.TIM_OC4_SetConfig)
    TIM_OC4_SetConfig                        0x08003269   Thumb Code    64  stm32f1xx_hal_tim.o(i.TIM_OC4_SetConfig)
    i.TIM_TI1_ConfigInputStage               0x080032ac   Section        0  stm32f1xx_hal_tim.o(i.TIM_TI1_ConfigInputStage)
    TIM_TI1_ConfigInputStage                 0x080032ad   Thumb Code    34  stm32f1xx_hal_tim.o(i.TIM_TI1_ConfigInputStage)
    i.TIM_TI1_SetConfig                      0x080032d0   Section        0  stm32f1xx_hal_tim.o(i.TIM_TI1_SetConfig)
    i.TIM_TI2_ConfigInputStage               0x08003328   Section        0  stm32f1xx_hal_tim.o(i.TIM_TI2_ConfigInputStage)
    TIM_TI2_ConfigInputStage                 0x08003329   Thumb Code    36  stm32f1xx_hal_tim.o(i.TIM_TI2_ConfigInputStage)
    i.TIM_TI2_SetConfig                      0x0800334c   Section        0  stm32f1xx_hal_tim.o(i.TIM_TI2_SetConfig)
    TIM_TI2_SetConfig                        0x0800334d   Thumb Code    54  stm32f1xx_hal_tim.o(i.TIM_TI2_SetConfig)
    i.UART_SetConfig                         0x08003384   Section        0  stm32f1xx_hal_uart.o(i.UART_SetConfig)
    UART_SetConfig                           0x08003385   Thumb Code   178  stm32f1xx_hal_uart.o(i.UART_SetConfig)
    i.UART_WaitOnFlagUntilTimeout            0x0800343c   Section        0  stm32f1xx_hal_uart.o(i.UART_WaitOnFlagUntilTimeout)
    UART_WaitOnFlagUntilTimeout              0x0800343d   Thumb Code   100  stm32f1xx_hal_uart.o(i.UART_WaitOnFlagUntilTimeout)
    i.UpdateScreen                           0x080034a0   Section        0  oled_basic.o(i.UpdateScreen)
    i.UpdateScreenBuffer                     0x080034a4   Section        0  oled_config.o(i.UpdateScreenBuffer)
    i.UpdateScreenDisplay                    0x080034b0   Section        0  oled_buffer.o(i.UpdateScreenDisplay)
    i.UsageFault_Handler                     0x080034b4   Section        0  stm32f1xx_it.o(i.UsageFault_Handler)
    i.Wave_Background                        0x080034b6   Section        0  user_interface.o(i.Wave_Background)
    i.WriteByteBuffer                        0x080034c4   Section        0  oled_buffer.o(i.WriteByteBuffer)
    i.WriteCmd                               0x080034e0   Section        0  oled_driver.o(i.WriteCmd)
    i.WriteDat                               0x0800350e   Section        0  oled_driver.o(i.WriteDat)
    i.Write_IIC_Byte                         0x0800353c   Section        0  oled_driver.o(i.Write_IIC_Byte)
    i.__0printf$3                            0x08003598   Section        0  printf3.o(i.__0printf$3)
    i.__0sprintf$3                           0x080035b8   Section        0  printf3.o(i.__0sprintf$3)
    i.__NVIC_SetPriority                     0x080035e0   Section        0  stm32f1xx_hal_cortex.o(i.__NVIC_SetPriority)
    __NVIC_SetPriority                       0x080035e1   Thumb Code    32  stm32f1xx_hal_cortex.o(i.__NVIC_SetPriority)
    i.__scatterload_copy                     0x08003600   Section       14  handlers.o(i.__scatterload_copy)
    i.__scatterload_null                     0x0800360e   Section        2  handlers.o(i.__scatterload_null)
    i.__scatterload_zeroinit                 0x08003610   Section       14  handlers.o(i.__scatterload_zeroinit)
    i._printf_core                           0x08003620   Section        0  printf3.o(i._printf_core)
    _printf_core                             0x08003621   Thumb Code   436  printf3.o(i._printf_core)
    i._sputc                                 0x080037d8   Section        0  printf3.o(i._sputc)
    _sputc                                   0x080037d9   Thumb Code    10  printf3.o(i._sputc)
    i.fputc                                  0x080037e4   Section        0  user_usart.o(i.fputc)
    i.main                                   0x08003808   Section        0  main.o(i.main)
    i.main_task                              0x0800384c   Section        0  main.o(i.main_task)
    i.pgm_read_byte                          0x08003a48   Section        0  oled_basic.o(i.pgm_read_byte)
    .constdata                               0x08003a4c   Section       16  system_stm32f1xx.o(.constdata)
    .constdata                               0x08003a5c   Section        8  system_stm32f1xx.o(.constdata)
    .constdata                               0x08003a64   Section     1280  oled_font.o(.constdata)
    .constdata                               0x08003f64   Section        1  oled_font.o(.constdata)
    .data                                    0x20000000   Section        2  user_usart.o(.data)
    .data                                    0x20000004   Section     2060  main.o(.data)
    i                                        0x2000000c   Data           4  main.o(.data)
    .data                                    0x20000810   Section       12  tim.o(.data)
    .data                                    0x2000081c   Section       12  stm32f1xx_hal.o(.data)
    .data                                    0x20000828   Section        4  system_stm32f1xx.o(.data)
    .data                                    0x2000082c   Section        1  oled_buffer.o(.data)
    _SelectedBuffer                          0x2000082c   Data           1  oled_buffer.o(.data)
    .data                                    0x2000082d   Section        2  oled_color.o(.data)
    _Draw                                    0x2000082d   Data           1  oled_color.o(.data)
    _fill                                    0x2000082e   Data           1  oled_color.o(.data)
    .data                                    0x2000082f   Section        2  oled_font.o(.data)
    _TextBk                                  0x2000082f   Data           1  oled_font.o(.data)
    _FontSize                                0x20000830   Data           1  oled_font.o(.data)
    .data                                    0x20000834   Section        4  stdout.o(.data)
    .bss                                     0x20000838   Section    11816  main.o(.bss)
    .bss                                     0x20003660   Section      116  adc.o(.bss)
    .bss                                     0x200036d4   Section      156  tim.o(.bss)
    .bss                                     0x20003770   Section      136  usart.o(.bss)
    .bss                                     0x200037f8   Section     1024  oled_buffer.o(.bss)
    STACK                                    0x20003bf8   Section     1024  startup_stm32f103xb.o(STACK)

    Global Symbols

    Symbol Name                              Value     Ov Type        Size  Object(Section)

    BuildAttributes$$THM_ISAv4$P$D$K$B$S$PE$A:L22UL41UL21$X:L11$S22US41US21$IEEE1$IW$USESV6$~STKCKD$USESV7$~SHL$OTIME$ROPI$IEEEX$EBA8$MICROLIB$REQ8$PRES8$EABIv2 0x00000000   Number         0  anon$$obj.o ABSOLUTE
    __ARM_use_no_argv                        0x00000000   Number         0  main.o ABSOLUTE
    _printf_a                                0x00000000   Number         0  stubs.o ABSOLUTE
    _printf_c                                0x00000000   Number         0  stubs.o ABSOLUTE
    _printf_charcount                        0x00000000   Number         0  stubs.o ABSOLUTE
    _printf_d                                0x00000000   Number         0  stubs.o ABSOLUTE
    _printf_e                                0x00000000   Number         0  stubs.o ABSOLUTE
    _printf_f                                0x00000000   Number         0  stubs.o ABSOLUTE
    _printf_flags                            0x00000000   Number         0  stubs.o ABSOLUTE
    _printf_fp_dec                           0x00000000   Number         0  stubs.o ABSOLUTE
    _printf_fp_hex                           0x00000000   Number         0  stubs.o ABSOLUTE
    _printf_g                                0x00000000   Number         0  stubs.o ABSOLUTE
    _printf_i                                0x00000000   Number         0  stubs.o ABSOLUTE
    _printf_int_dec                          0x00000000   Number         0  stubs.o ABSOLUTE
    _printf_l                                0x00000000   Number         0  stubs.o ABSOLUTE
    _printf_lc                               0x00000000   Number         0  stubs.o ABSOLUTE
    _printf_ll                               0x00000000   Number         0  stubs.o ABSOLUTE
    _printf_lld                              0x00000000   Number         0  stubs.o ABSOLUTE
    _printf_lli                              0x00000000   Number         0  stubs.o ABSOLUTE
    _printf_llo                              0x00000000   Number         0  stubs.o ABSOLUTE
    _printf_llu                              0x00000000   Number         0  stubs.o ABSOLUTE
    _printf_llx                              0x00000000   Number         0  stubs.o ABSOLUTE
    _printf_longlong_dec                     0x00000000   Number         0  stubs.o ABSOLUTE
    _printf_longlong_hex                     0x00000000   Number         0  stubs.o ABSOLUTE
    _printf_longlong_oct                     0x00000000   Number         0  stubs.o ABSOLUTE
    _printf_ls                               0x00000000   Number         0  stubs.o ABSOLUTE
    _printf_mbtowc                           0x00000000   Number         0  stubs.o ABSOLUTE
    _printf_n                                0x00000000   Number         0  stubs.o ABSOLUTE
    _printf_o                                0x00000000   Number         0  stubs.o ABSOLUTE
    _printf_p                                0x00000000   Number         0  stubs.o ABSOLUTE
    _printf_percent                          0x00000000   Number         0  stubs.o ABSOLUTE
    _printf_pre_padding                      0x00000000   Number         0  stubs.o ABSOLUTE
    _printf_return_value                     0x00000000   Number         0  stubs.o ABSOLUTE
    _printf_s                                0x00000000   Number         0  stubs.o ABSOLUTE
    _printf_sizespec                         0x00000000   Number         0  stubs.o ABSOLUTE
    _printf_str                              0x00000000   Number         0  stubs.o ABSOLUTE
    _printf_truncate_signed                  0x00000000   Number         0  stubs.o ABSOLUTE
    _printf_truncate_unsigned                0x00000000   Number         0  stubs.o ABSOLUTE
    _printf_u                                0x00000000   Number         0  stubs.o ABSOLUTE
    _printf_wc                               0x00000000   Number         0  stubs.o ABSOLUTE
    _printf_wctomb                           0x00000000   Number         0  stubs.o ABSOLUTE
    _printf_widthprec                        0x00000000   Number         0  stubs.o ABSOLUTE
    _printf_x                                0x00000000   Number         0  stubs.o ABSOLUTE
    __arm_fini_                               - Undefined Weak Reference
    __cpp_initialize__aeabi_                  - Undefined Weak Reference
    __cxa_finalize                            - Undefined Weak Reference
    _clock_init                               - Undefined Weak Reference
    _microlib_exit                            - Undefined Weak Reference
    __Vectors_Size                           0x000000ec   Number         0  startup_stm32f103xb.o ABSOLUTE
    __Vectors                                0x08000000   Data           4  startup_stm32f103xb.o(RESET)
    __Vectors_End                            0x080000ec   Data           0  startup_stm32f103xb.o(RESET)
    __main                                   0x080000ed   Thumb Code     0  entry.o(.ARM.Collect$$$$00000000)
    _main_stk                                0x080000ed   Thumb Code     0  entry2.o(.ARM.Collect$$$$00000001)
    _main_scatterload                        0x080000f1   Thumb Code     0  entry5.o(.ARM.Collect$$$$00000004)
    __main_after_scatterload                 0x080000f5   Thumb Code     0  entry5.o(.ARM.Collect$$$$00000004)
    _main_clock                              0x080000f5   Thumb Code     0  entry7b.o(.ARM.Collect$$$$00000008)
    _main_cpp_init                           0x080000f5   Thumb Code     0  entry8b.o(.ARM.Collect$$$$0000000A)
    _main_init                               0x080000f5   Thumb Code     0  entry9a.o(.ARM.Collect$$$$0000000B)
    __rt_lib_shutdown_fini                   0x080000fd   Thumb Code     0  entry12b.o(.ARM.Collect$$$$0000000E)
    __rt_final_cpp                           0x08000101   Thumb Code     0  entry10a.o(.ARM.Collect$$$$0000000F)
    __rt_final_exit                          0x08000101   Thumb Code     0  entry11a.o(.ARM.Collect$$$$00000011)
    Reset_Handler                            0x08000105   Thumb Code     8  startup_stm32f103xb.o(.text)
    ADC1_2_IRQHandler                        0x0800011f   Thumb Code     0  startup_stm32f103xb.o(.text)
    CAN1_RX1_IRQHandler                      0x0800011f   Thumb Code     0  startup_stm32f103xb.o(.text)
    CAN1_SCE_IRQHandler                      0x0800011f   Thumb Code     0  startup_stm32f103xb.o(.text)
    DMA1_Channel2_IRQHandler                 0x0800011f   Thumb Code     0  startup_stm32f103xb.o(.text)
    DMA1_Channel3_IRQHandler                 0x0800011f   Thumb Code     0  startup_stm32f103xb.o(.text)
    DMA1_Channel4_IRQHandler                 0x0800011f   Thumb Code     0  startup_stm32f103xb.o(.text)
    DMA1_Channel5_IRQHandler                 0x0800011f   Thumb Code     0  startup_stm32f103xb.o(.text)
    DMA1_Channel6_IRQHandler                 0x0800011f   Thumb Code     0  startup_stm32f103xb.o(.text)
    DMA1_Channel7_IRQHandler                 0x0800011f   Thumb Code     0  startup_stm32f103xb.o(.text)
    EXTI0_IRQHandler                         0x0800011f   Thumb Code     0  startup_stm32f103xb.o(.text)
    EXTI15_10_IRQHandler                     0x0800011f   Thumb Code     0  startup_stm32f103xb.o(.text)
    EXTI1_IRQHandler                         0x0800011f   Thumb Code     0  startup_stm32f103xb.o(.text)
    EXTI2_IRQHandler                         0x0800011f   Thumb Code     0  startup_stm32f103xb.o(.text)
    EXTI3_IRQHandler                         0x0800011f   Thumb Code     0  startup_stm32f103xb.o(.text)
    EXTI4_IRQHandler                         0x0800011f   Thumb Code     0  startup_stm32f103xb.o(.text)
    EXTI9_5_IRQHandler                       0x0800011f   Thumb Code     0  startup_stm32f103xb.o(.text)
    FLASH_IRQHandler                         0x0800011f   Thumb Code     0  startup_stm32f103xb.o(.text)
    I2C1_ER_IRQHandler                       0x0800011f   Thumb Code     0  startup_stm32f103xb.o(.text)
    I2C1_EV_IRQHandler                       0x0800011f   Thumb Code     0  startup_stm32f103xb.o(.text)
    I2C2_ER_IRQHandler                       0x0800011f   Thumb Code     0  startup_stm32f103xb.o(.text)
    I2C2_EV_IRQHandler                       0x0800011f   Thumb Code     0  startup_stm32f103xb.o(.text)
    PVD_IRQHandler                           0x0800011f   Thumb Code     0  startup_stm32f103xb.o(.text)
    RCC_IRQHandler                           0x0800011f   Thumb Code     0  startup_stm32f103xb.o(.text)
    RTC_Alarm_IRQHandler                     0x0800011f   Thumb Code     0  startup_stm32f103xb.o(.text)
    RTC_IRQHandler                           0x0800011f   Thumb Code     0  startup_stm32f103xb.o(.text)
    SPI1_IRQHandler                          0x0800011f   Thumb Code     0  startup_stm32f103xb.o(.text)
    SPI2_IRQHandler                          0x0800011f   Thumb Code     0  startup_stm32f103xb.o(.text)
    TAMPER_IRQHandler                        0x0800011f   Thumb Code     0  startup_stm32f103xb.o(.text)
    TIM1_BRK_IRQHandler                      0x0800011f   Thumb Code     0  startup_stm32f103xb.o(.text)
    TIM1_CC_IRQHandler                       0x0800011f   Thumb Code     0  startup_stm32f103xb.o(.text)
    TIM1_TRG_COM_IRQHandler                  0x0800011f   Thumb Code     0  startup_stm32f103xb.o(.text)
    TIM1_UP_IRQHandler                       0x0800011f   Thumb Code     0  startup_stm32f103xb.o(.text)
    TIM4_IRQHandler                          0x0800011f   Thumb Code     0  startup_stm32f103xb.o(.text)
    USART1_IRQHandler                        0x0800011f   Thumb Code     0  startup_stm32f103xb.o(.text)
    USART2_IRQHandler                        0x0800011f   Thumb Code     0  startup_stm32f103xb.o(.text)
    USART3_IRQHandler                        0x0800011f   Thumb Code     0  startup_stm32f103xb.o(.text)
    USBWakeUp_IRQHandler                     0x0800011f   Thumb Code     0  startup_stm32f103xb.o(.text)
    USB_HP_CAN1_TX_IRQHandler                0x0800011f   Thumb Code     0  startup_stm32f103xb.o(.text)
    USB_LP_CAN1_RX0_IRQHandler               0x0800011f   Thumb Code     0  startup_stm32f103xb.o(.text)
    WWDG_IRQHandler                          0x0800011f   Thumb Code     0  startup_stm32f103xb.o(.text)
    __aeabi_llsr                             0x08000129   Thumb Code    32  llushr.o(.text)
    _ll_ushift_r                             0x08000129   Thumb Code     0  llushr.o(.text)
    __aeabi_memset                           0x08000149   Thumb Code    14  memseta.o(.text)
    __aeabi_memset4                          0x08000149   Thumb Code     0  memseta.o(.text)
    __aeabi_memset8                          0x08000149   Thumb Code     0  memseta.o(.text)
    __aeabi_memclr                           0x08000157   Thumb Code     4  memseta.o(.text)
    __aeabi_memclr4                          0x08000157   Thumb Code     0  memseta.o(.text)
    __aeabi_memclr8                          0x08000157   Thumb Code     0  memseta.o(.text)
    _memset$wrapper                          0x0800015b   Thumb Code    18  memseta.o(.text)
    __aeabi_fmul                             0x0800016d   Thumb Code   100  fmul.o(.text)
    __ARM_scalbnf                            0x080001d1   Thumb Code    24  fscalb.o(.text)
    scalbnf                                  0x080001d1   Thumb Code     0  fscalb.o(.text)
    __aeabi_dadd                             0x080001e9   Thumb Code   322  dadd.o(.text)
    __aeabi_dsub                             0x0800032b   Thumb Code     6  dadd.o(.text)
    __aeabi_drsub                            0x08000331   Thumb Code     6  dadd.o(.text)
    __aeabi_ddiv                             0x08000337   Thumb Code   222  ddiv.o(.text)
    __ARM_scalbn                             0x08000415   Thumb Code    46  dscalb.o(.text)
    scalbn                                   0x08000415   Thumb Code     0  dscalb.o(.text)
    __aeabi_i2f                              0x08000443   Thumb Code    18  fflti.o(.text)
    __aeabi_ui2f                             0x08000455   Thumb Code    10  ffltui.o(.text)
    __aeabi_f2iz                             0x0800045f   Thumb Code    50  ffixi.o(.text)
    __aeabi_f2uiz                            0x08000491   Thumb Code    40  ffixui.o(.text)
    __aeabi_d2uiz                            0x080004b9   Thumb Code    50  dfixui.o(.text)
    __aeabi_f2d                              0x080004eb   Thumb Code    38  f2d.o(.text)
    __aeabi_d2f                              0x08000511   Thumb Code    56  d2f.o(.text)
    __aeabi_uidiv                            0x08000549   Thumb Code     0  uidiv.o(.text)
    __aeabi_uidivmod                         0x08000549   Thumb Code    44  uidiv.o(.text)
    __aeabi_llsl                             0x08000575   Thumb Code    30  llshl.o(.text)
    _ll_shift_l                              0x08000575   Thumb Code     0  llshl.o(.text)
    __aeabi_lasr                             0x08000593   Thumb Code    36  llsshr.o(.text)
    _ll_sshift_r                             0x08000593   Thumb Code     0  llsshr.o(.text)
    __I$use$fp                               0x080005b7   Thumb Code     0  iusefp.o(.text)
    _float_round                             0x080005b7   Thumb Code    18  fepilogue.o(.text)
    _float_epilogue                          0x080005c9   Thumb Code    92  fepilogue.o(.text)
    _double_round                            0x08000625   Thumb Code    30  depilogue.o(.text)
    _double_epilogue                         0x08000643   Thumb Code   156  depilogue.o(.text)
    __scatterload                            0x080006e1   Thumb Code    28  init.o(.text)
    __scatterload_rt2                        0x080006e1   Thumb Code     0  init.o(.text)
    __decompress                             0x08000705   Thumb Code     0  __dclz77c.o(.text)
    __decompress2                            0x08000705   Thumb Code    94  __dclz77c.o(.text)
    ADC_ConversionStop_Disable               0x08000765   Thumb Code    86  stm32f1xx_hal_adc.o(i.ADC_ConversionStop_Disable)
    ADC_DMAConvCplt                          0x080007bb   Thumb Code    78  stm32f1xx_hal_adc.o(i.ADC_DMAConvCplt)
    ADC_DMAError                             0x08000809   Thumb Code    26  stm32f1xx_hal_adc.o(i.ADC_DMAError)
    ADC_DMAHalfConvCplt                      0x08000823   Thumb Code    10  stm32f1xx_hal_adc.o(i.ADC_DMAHalfConvCplt)
    ADC_Enable                               0x0800082d   Thumb Code   114  stm32f1xx_hal_adc.o(i.ADC_Enable)
    ADC_Start                                0x080008a9   Thumb Code    24  main.o(i.ADC_Start)
    ADC_Stop                                 0x080008cd   Thumb Code    18  main.o(i.ADC_Stop)
    AD_calcuate                              0x080008e9   Thumb Code    58  user_calculate.o(i.AD_calcuate)
    BusFault_Handler                         0x08000929   Thumb Code     2  stm32f1xx_it.o(i.BusFault_Handler)
    Clear_Screen                             0x0800092d   Thumb Code    64  oled_draw.o(i.Clear_Screen)
    DMA1_Channel1_IRQHandler                 0x08000971   Thumb Code     6  stm32f1xx_it.o(i.DMA1_Channel1_IRQHandler)
    DebugMon_Handler                         0x080009a7   Thumb Code     2  stm32f1xx_it.o(i.DebugMon_Handler)
    DrawChar                                 0x080009a9   Thumb Code   282  oled_draw.o(i.DrawChar)
    DrawLine                                 0x08000acd   Thumb Code   166  oled_draw.o(i.DrawLine)
    DrawString                               0x08000b73   Thumb Code   110  oled_draw.o(i.DrawString)
    Error_Handler                            0x08000c43   Thumb Code     4  main.o(i.Error_Handler)
    GetDrawColor                             0x08000c49   Thumb Code     6  oled_color.o(i.GetDrawColor)
    GetFontSize                              0x08000c55   Thumb Code     6  oled_font.o(i.GetFontSize)
    GetKeyFlag                               0x08000c61   Thumb Code    74  key.o(i.GetKeyFlag)
    GetTextBkMode                            0x08000cc1   Thumb Code     6  oled_font.o(i.GetTextBkMode)
    HAL_ADC_ConfigChannel                    0x08000ccd   Thumb Code   240  stm32f1xx_hal_adc.o(i.HAL_ADC_ConfigChannel)
    HAL_ADC_ConvCpltCallback                 0x08000dc9   Thumb Code    14  main.o(i.HAL_ADC_ConvCpltCallback)
    HAL_ADC_ConvHalfCpltCallback             0x08000ddd   Thumb Code     2  stm32f1xx_hal_adc.o(i.HAL_ADC_ConvHalfCpltCallback)
    HAL_ADC_ErrorCallback                    0x08000ddf   Thumb Code     2  stm32f1xx_hal_adc.o(i.HAL_ADC_ErrorCallback)
    HAL_ADC_Init                             0x08000de1   Thumb Code   272  stm32f1xx_hal_adc.o(i.HAL_ADC_Init)
    HAL_ADC_MspInit                          0x08000efd   Thumb Code   122  adc.o(i.HAL_ADC_MspInit)
    HAL_ADC_Start_DMA                        0x08000f8d   Thumb Code   246  stm32f1xx_hal_adc.o(i.HAL_ADC_Start_DMA)
    HAL_ADC_Stop_DMA                         0x08001099   Thumb Code    86  stm32f1xx_hal_adc.o(i.HAL_ADC_Stop_DMA)
    HAL_DMA_Abort                            0x080010ef   Thumb Code    70  stm32f1xx_hal_dma.o(i.HAL_DMA_Abort)
    HAL_DMA_IRQHandler                       0x08001135   Thumb Code   316  stm32f1xx_hal_dma.o(i.HAL_DMA_IRQHandler)
    HAL_DMA_Init                             0x08001289   Thumb Code    84  stm32f1xx_hal_dma.o(i.HAL_DMA_Init)
    HAL_DMA_Start_IT                         0x080012e5   Thumb Code   112  stm32f1xx_hal_dma.o(i.HAL_DMA_Start_IT)
    HAL_GPIO_Init                            0x08001355   Thumb Code   446  stm32f1xx_hal_gpio.o(i.HAL_GPIO_Init)
    HAL_GPIO_ReadPin                         0x08001535   Thumb Code    10  stm32f1xx_hal_gpio.o(i.HAL_GPIO_ReadPin)
    HAL_GPIO_WritePin                        0x0800153f   Thumb Code    10  stm32f1xx_hal_gpio.o(i.HAL_GPIO_WritePin)
    HAL_GetTick                              0x08001549   Thumb Code     6  stm32f1xx_hal.o(i.HAL_GetTick)
    HAL_IncTick                              0x08001555   Thumb Code    12  stm32f1xx_hal.o(i.HAL_IncTick)
    HAL_Init                                 0x08001565   Thumb Code    32  stm32f1xx_hal.o(i.HAL_Init)
    HAL_InitTick                             0x08001589   Thumb Code    54  stm32f1xx_hal.o(i.HAL_InitTick)
    HAL_MspInit                              0x080015c9   Thumb Code    52  stm32f1xx_hal_msp.o(i.HAL_MspInit)
    HAL_NVIC_EnableIRQ                       0x08001605   Thumb Code    26  stm32f1xx_hal_cortex.o(i.HAL_NVIC_EnableIRQ)
    HAL_NVIC_SetPriority                     0x08001621   Thumb Code    60  stm32f1xx_hal_cortex.o(i.HAL_NVIC_SetPriority)
    HAL_NVIC_SetPriorityGrouping             0x08001661   Thumb Code    26  stm32f1xx_hal_cortex.o(i.HAL_NVIC_SetPriorityGrouping)
    HAL_RCCEx_PeriphCLKConfig                0x08001685   Thumb Code   224  stm32f1xx_hal_rcc_ex.o(i.HAL_RCCEx_PeriphCLKConfig)
    HAL_RCC_ClockConfig                      0x08001771   Thumb Code   280  stm32f1xx_hal_rcc.o(i.HAL_RCC_ClockConfig)
    HAL_RCC_GetPCLK1Freq                     0x0800189d   Thumb Code    20  stm32f1xx_hal_rcc.o(i.HAL_RCC_GetPCLK1Freq)
    HAL_RCC_GetPCLK2Freq                     0x080018bd   Thumb Code    20  stm32f1xx_hal_rcc.o(i.HAL_RCC_GetPCLK2Freq)
    HAL_RCC_GetSysClockFreq                  0x080018dd   Thumb Code    74  stm32f1xx_hal_rcc.o(i.HAL_RCC_GetSysClockFreq)
    HAL_RCC_OscConfig                        0x08001949   Thumb Code   778  stm32f1xx_hal_rcc.o(i.HAL_RCC_OscConfig)
    HAL_SYSTICK_Config                       0x08001c69   Thumb Code    40  stm32f1xx_hal_cortex.o(i.HAL_SYSTICK_Config)
    HAL_TIMEx_BreakCallback                  0x08001c91   Thumb Code     2  stm32f1xx_hal_tim_ex.o(i.HAL_TIMEx_BreakCallback)
    HAL_TIMEx_CommutCallback                 0x08001c93   Thumb Code     2  stm32f1xx_hal_tim_ex.o(i.HAL_TIMEx_CommutCallback)
    HAL_TIMEx_MasterConfigSynchronization    0x08001c95   Thumb Code    92  stm32f1xx_hal_tim_ex.o(i.HAL_TIMEx_MasterConfigSynchronization)
    HAL_TIM_Base_Init                        0x08001cfd   Thumb Code    90  stm32f1xx_hal_tim.o(i.HAL_TIM_Base_Init)
    HAL_TIM_Base_MspInit                     0x08001d59   Thumb Code    92  tim.o(i.HAL_TIM_Base_MspInit)
    HAL_TIM_Base_Start                       0x08001dbd   Thumb Code    66  stm32f1xx_hal_tim.o(i.HAL_TIM_Base_Start)
    HAL_TIM_Base_Start_IT                    0x08001e0d   Thumb Code    76  stm32f1xx_hal_tim.o(i.HAL_TIM_Base_Start_IT)
    HAL_TIM_Base_Stop                        0x08001e65   Thumb Code    38  stm32f1xx_hal_tim.o(i.HAL_TIM_Base_Stop)
    HAL_TIM_Base_Stop_IT                     0x08001e8b   Thumb Code    48  stm32f1xx_hal_tim.o(i.HAL_TIM_Base_Stop_IT)
    HAL_TIM_ConfigClockSource                0x08001ebb   Thumb Code   214  stm32f1xx_hal_tim.o(i.HAL_TIM_ConfigClockSource)
    HAL_TIM_IC_CaptureCallback               0x08001f91   Thumb Code   122  tim.o(i.HAL_TIM_IC_CaptureCallback)
    HAL_TIM_IC_ConfigChannel                 0x08002015   Thumb Code   270  stm32f1xx_hal_tim.o(i.HAL_TIM_IC_ConfigChannel)
    HAL_TIM_IC_Init                          0x08002123   Thumb Code    90  stm32f1xx_hal_tim.o(i.HAL_TIM_IC_Init)
    HAL_TIM_IC_MspInit                       0x0800217d   Thumb Code     2  stm32f1xx_hal_tim.o(i.HAL_TIM_IC_MspInit)
    HAL_TIM_IC_Start_IT                      0x08002181   Thumb Code   212  stm32f1xx_hal_tim.o(i.HAL_TIM_IC_Start_IT)
    HAL_TIM_IC_Stop_IT                       0x08002261   Thumb Code   134  stm32f1xx_hal_tim.o(i.HAL_TIM_IC_Stop_IT)
    HAL_TIM_IRQHandler                       0x080022e7   Thumb Code   358  stm32f1xx_hal_tim.o(i.HAL_TIM_IRQHandler)
    HAL_TIM_MspPostInit                      0x0800244d   Thumb Code    60  tim.o(i.HAL_TIM_MspPostInit)
    HAL_TIM_OC_DelayElapsedCallback          0x08002495   Thumb Code     2  stm32f1xx_hal_tim.o(i.HAL_TIM_OC_DelayElapsedCallback)
    HAL_TIM_PWM_ConfigChannel                0x08002497   Thumb Code   198  stm32f1xx_hal_tim.o(i.HAL_TIM_PWM_ConfigChannel)
    HAL_TIM_PWM_Init                         0x0800255d   Thumb Code    90  stm32f1xx_hal_tim.o(i.HAL_TIM_PWM_Init)
    HAL_TIM_PWM_MspInit                      0x080025b9   Thumb Code    50  tim.o(i.HAL_TIM_PWM_MspInit)
    HAL_TIM_PWM_PulseFinishedCallback        0x080025f5   Thumb Code     2  stm32f1xx_hal_tim.o(i.HAL_TIM_PWM_PulseFinishedCallback)
    HAL_TIM_PWM_Start                        0x080025f9   Thumb Code   144  stm32f1xx_hal_tim.o(i.HAL_TIM_PWM_Start)
    HAL_TIM_PeriodElapsedCallback            0x08002695   Thumb Code    20  tim.o(i.HAL_TIM_PeriodElapsedCallback)
    HAL_TIM_ReadCapturedValue                0x080026b1   Thumb Code    42  stm32f1xx_hal_tim.o(i.HAL_TIM_ReadCapturedValue)
    HAL_TIM_TriggerCallback                  0x080026db   Thumb Code     2  stm32f1xx_hal_tim.o(i.HAL_TIM_TriggerCallback)
    HAL_UART_Init                            0x080026dd   Thumb Code    98  stm32f1xx_hal_uart.o(i.HAL_UART_Init)
    HAL_UART_MspInit                         0x08002741   Thumb Code   166  usart.o(i.HAL_UART_MspInit)
    HAL_UART_Transmit                        0x080027fd   Thumb Code   178  stm32f1xx_hal_uart.o(i.HAL_UART_Transmit)
    HardFault_Handler                        0x080028af   Thumb Code     2  stm32f1xx_it.o(i.HardFault_Handler)
    HeartRate_Display                        0x080028b1   Thumb Code    80  user_interface.o(i.HeartRate_Display)
    HeartState_Display                       0x08002919   Thumb Code   128  user_interface.o(i.HeartState_Display)
    HeartWave_display                        0x080029c1   Thumb Code   144  user_interface.o(i.HeartWave_display)
    IIC_Start                                0x08002a5d   Thumb Code    52  oled_driver.o(i.IIC_Start)
    IIC_Stop                                 0x08002a95   Thumb Code    40  oled_driver.o(i.IIC_Stop)
    IIC_Wait_Ack                             0x08002ac1   Thumb Code    30  oled_driver.o(i.IIC_Wait_Ack)
    MX_ADC1_Init                             0x08002ae5   Thumb Code    68  adc.o(i.MX_ADC1_Init)
    MX_DMA_Init                              0x08002b31   Thumb Code    40  dma.o(i.MX_DMA_Init)
    MX_GPIO_Init                             0x08002b5d   Thumb Code   176  gpio.o(i.MX_GPIO_Init)
    MX_TIM2_Init                             0x08002c19   Thumb Code   146  tim.o(i.MX_TIM2_Init)
    MX_TIM3_Init                             0x08002cb1   Thumb Code   134  tim.o(i.MX_TIM3_Init)
    MX_USART1_UART_Init                      0x08002d49   Thumb Code    48  usart.o(i.MX_USART1_UART_Init)
    MX_USART3_UART_Init                      0x08002d81   Thumb Code    48  usart.o(i.MX_USART3_UART_Init)
    MemManage_Handler                        0x08002db9   Thumb Code     2  stm32f1xx_it.o(i.MemManage_Handler)
    NMI_Handler                              0x08002dbb   Thumb Code     2  stm32f1xx_it.o(i.NMI_Handler)
    OLED_CLS                                 0x08002dbd   Thumb Code    52  oled_driver.o(i.OLED_CLS)
    OLED_FILL                                0x08002df1   Thumb Code    58  oled_driver.o(i.OLED_FILL)
    OLED_Init                                0x08002e2b   Thumb Code   178  oled_driver.o(i.OLED_Init)
    PendSV_Handler                           0x08002edd   Thumb Code     2  stm32f1xx_it.o(i.PendSV_Handler)
    SVC_Handler                              0x08002edf   Thumb Code     2  stm32f1xx_it.o(i.SVC_Handler)
    Sampling_time                            0x08002ee1   Thumb Code    84  tim.o(i.Sampling_time)
    SetPointBuffer                           0x08002f45   Thumb Code    60  oled_buffer.o(i.SetPointBuffer)
    SysTick_Handler                          0x08002f89   Thumb Code     4  stm32f1xx_it.o(i.SysTick_Handler)
    SystemClock_Config                       0x08002f8d   Thumb Code   118  main.o(i.SystemClock_Config)
    SystemInit                               0x08003003   Thumb Code     2  system_stm32f1xx.o(i.SystemInit)
    TIM2_IRQHandler                          0x08003005   Thumb Code     6  stm32f1xx_it.o(i.TIM2_IRQHandler)
    TIM2_Poll                                0x08003011   Thumb Code   112  tim.o(i.TIM2_Poll)
    TIM2_SetCapturePolarity                  0x08003091   Thumb Code    26  tim.o(i.TIM2_SetCapturePolarity)
    TIM3_IRQHandler                          0x080030b1   Thumb Code     6  stm32f1xx_it.o(i.TIM3_IRQHandler)
    TIM_Base_SetConfig                       0x080030bd   Thumb Code    94  stm32f1xx_hal_tim.o(i.TIM_Base_SetConfig)
    TIM_CCxChannelCmd                        0x08003129   Thumb Code    26  stm32f1xx_hal_tim.o(i.TIM_CCxChannelCmd)
    TIM_ETR_SetConfig                        0x08003143   Thumb Code    20  stm32f1xx_hal_tim.o(i.TIM_ETR_SetConfig)
    TIM_OC2_SetConfig                        0x080031b9   Thumb Code    84  stm32f1xx_hal_tim.o(i.TIM_OC2_SetConfig)
    TIM_TI1_SetConfig                        0x080032d1   Thumb Code    76  stm32f1xx_hal_tim.o(i.TIM_TI1_SetConfig)
    UpdateScreen                             0x080034a1   Thumb Code     4  oled_basic.o(i.UpdateScreen)
    UpdateScreenBuffer                       0x080034a5   Thumb Code     6  oled_config.o(i.UpdateScreenBuffer)
    UpdateScreenDisplay                      0x080034b1   Thumb Code     4  oled_buffer.o(i.UpdateScreenDisplay)
    UsageFault_Handler                       0x080034b5   Thumb Code     2  stm32f1xx_it.o(i.UsageFault_Handler)
    Wave_Background                          0x080034b7   Thumb Code    14  user_interface.o(i.Wave_Background)
    WriteByteBuffer                          0x080034c5   Thumb Code    18  oled_buffer.o(i.WriteByteBuffer)
    WriteCmd                                 0x080034e1   Thumb Code    46  oled_driver.o(i.WriteCmd)
    WriteDat                                 0x0800350f   Thumb Code    46  oled_driver.o(i.WriteDat)
    Write_IIC_Byte                           0x0800353d   Thumb Code    86  oled_driver.o(i.Write_IIC_Byte)
    __0printf$3                              0x08003599   Thumb Code    22  printf3.o(i.__0printf$3)
    __1printf$3                              0x08003599   Thumb Code     0  printf3.o(i.__0printf$3)
    __2printf                                0x08003599   Thumb Code     0  printf3.o(i.__0printf$3)
    __0sprintf$3                             0x080035b9   Thumb Code    34  printf3.o(i.__0sprintf$3)
    __1sprintf$3                             0x080035b9   Thumb Code     0  printf3.o(i.__0sprintf$3)
    __2sprintf                               0x080035b9   Thumb Code     0  printf3.o(i.__0sprintf$3)
    __scatterload_copy                       0x08003601   Thumb Code    14  handlers.o(i.__scatterload_copy)
    __scatterload_null                       0x0800360f   Thumb Code     2  handlers.o(i.__scatterload_null)
    __scatterload_zeroinit                   0x08003611   Thumb Code    14  handlers.o(i.__scatterload_zeroinit)
    fputc                                    0x080037e5   Thumb Code    26  user_usart.o(i.fputc)
    main                                     0x08003809   Thumb Code    66  main.o(i.main)
    main_task                                0x0800384d   Thumb Code   354  main.o(i.main_task)
    pgm_read_byte                            0x08003a49   Thumb Code     4  oled_basic.o(i.pgm_read_byte)
    AHBPrescTable                            0x08003a4c   Data          16  system_stm32f1xx.o(.constdata)
    APBPrescTable                            0x08003a5c   Data           8  system_stm32f1xx.o(.constdata)
    font5x7                                  0x08003a64   Data        1280  oled_font.o(.constdata)
    F8X16                                    0x08003f64   Data           1  oled_font.o(.constdata)
    Region$$Table$$Base                      0x08003f68   Number         0  anon$$obj.o(Region$$Table)
    Region$$Table$$Limit                     0x08003f88   Number         0  anon$$obj.o(Region$$Table)
    ch                                       0x20000000   Data           1  user_usart.o(.data)
    ch_r                                     0x20000001   Data           1  user_usart.o(.data)
    adc_dma_ok                               0x20000004   Data           1  main.o(.data)
    key1_state                               0x20000005   Data           1  main.o(.data)
    key2_state                               0x20000006   Data           1  main.o(.data)
    key3_state                               0x20000007   Data           1  main.o(.data)
    key4_state                               0x20000008   Data           1  main.o(.data)
    ecgdataflag_realtime                     0x20000009   Data           1  main.o(.data)
    ecgdataflag_saved                        0x2000000a   Data           1  main.o(.data)
    ECGData1                                 0x20000010   Data        1024  main.o(.data)
    ECGData2                                 0x20000410   Data        1024  main.o(.data)
    TIM2_CAPTURE_STA                         0x20000810   Data           1  tim.o(.data)
    pwmVal                                   0x20000814   Data           4  tim.o(.data)
    TIM2_TIMEOUT_COUNT                       0x20000818   Data           4  tim.o(.data)
    uwTickFreq                               0x2000081c   Data           1  stm32f1xx_hal.o(.data)
    uwTickPrio                               0x20000820   Data           4  stm32f1xx_hal.o(.data)
    uwTick                                   0x20000824   Data           4  stm32f1xx_hal.o(.data)
    SystemCoreClock                          0x20000828   Data           4  system_stm32f1xx.o(.data)
    __stdout                                 0x20000834   Data           4  stdout.o(.data)
    ADC_ConvertedValue                       0x20000838   Data         512  main.o(.bss)
    ADC_Value                                0x20000a38   Data        1024  main.o(.bss)
    ECGdata_realtime                         0x20000e38   Data        5140  main.o(.bss)
    ECGdata_saved                            0x2000224c   Data        5140  main.o(.bss)
    hadc1                                    0x20003660   Data          48  adc.o(.bss)
    hdma_adc1                                0x20003690   Data          68  adc.o(.bss)
    TIM2_CAPTURE_BUF                         0x200036d4   Data          12  tim.o(.bss)
    htim2                                    0x200036e0   Data          72  tim.o(.bss)
    htim3                                    0x20003728   Data          72  tim.o(.bss)
    huart1                                   0x20003770   Data          68  usart.o(.bss)
    huart3                                   0x200037b4   Data          68  usart.o(.bss)
    ScreenBuffer                             0x200037f8   Data        1024  oled_buffer.o(.bss)
    __initial_sp                             0x20003ff8   Data           0  startup_stm32f103xb.o(STACK)



==============================================================================

Memory Map of the image

  Image Entry point : 0x080000ed

  Load Region LR_IROM1 (Base: 0x08000000, Size: 0x000047c0, Max: 0x00010000, ABSOLUTE, COMPRESSED[0x000044b4])

    Execution Region ER_IROM1 (Exec base: 0x08000000, Load base: 0x08000000, Size: 0x00003f88, Max: 0x00010000, ABSOLUTE)

    Exec Addr    Load Addr    Size         Type   Attr      Idx    E Section Name        Object

    0x08000000   0x08000000   0x000000ec   Data   RO            3    RESET               startup_stm32f103xb.o
    0x080000ec   0x080000ec   0x00000000   Code   RO         4122  * .ARM.Collect$$$$00000000  mc_w.l(entry.o)
    0x080000ec   0x080000ec   0x00000004   Code   RO         4467    .ARM.Collect$$$$00000001  mc_w.l(entry2.o)
    0x080000f0   0x080000f0   0x00000004   Code   RO         4470    .ARM.Collect$$$$00000004  mc_w.l(entry5.o)
    0x080000f4   0x080000f4   0x00000000   Code   RO         4472    .ARM.Collect$$$$00000008  mc_w.l(entry7b.o)
    0x080000f4   0x080000f4   0x00000000   Code   RO         4474    .ARM.Collect$$$$0000000A  mc_w.l(entry8b.o)
    0x080000f4   0x080000f4   0x00000008   Code   RO         4475    .ARM.Collect$$$$0000000B  mc_w.l(entry9a.o)
    0x080000fc   0x080000fc   0x00000004   Code   RO         4482    .ARM.Collect$$$$0000000E  mc_w.l(entry12b.o)
    0x08000100   0x08000100   0x00000000   Code   RO         4477    .ARM.Collect$$$$0000000F  mc_w.l(entry10a.o)
    0x08000100   0x08000100   0x00000000   Code   RO         4479    .ARM.Collect$$$$00000011  mc_w.l(entry11a.o)
    0x08000100   0x08000100   0x00000004   Code   RO         4468    .ARM.Collect$$$$00002712  mc_w.l(entry2.o)
    0x08000104   0x08000104   0x00000024   Code   RO            4    .text               startup_stm32f103xb.o
    0x08000128   0x08000128   0x00000020   Code   RO         4125    .text               mc_w.l(llushr.o)
    0x08000148   0x08000148   0x00000024   Code   RO         4127    .text               mc_w.l(memseta.o)
    0x0800016c   0x0800016c   0x00000064   Code   RO         4394    .text               mf_w.l(fmul.o)
    0x080001d0   0x080001d0   0x00000018   Code   RO         4398    .text               mf_w.l(fscalb.o)
    0x080001e8   0x080001e8   0x0000014e   Code   RO         4400    .text               mf_w.l(dadd.o)
    0x08000336   0x08000336   0x000000de   Code   RO         4404    .text               mf_w.l(ddiv.o)
    0x08000414   0x08000414   0x0000002e   Code   RO         4406    .text               mf_w.l(dscalb.o)
    0x08000442   0x08000442   0x00000012   Code   RO         4408    .text               mf_w.l(fflti.o)
    0x08000454   0x08000454   0x0000000a   Code   RO         4410    .text               mf_w.l(ffltui.o)
    0x0800045e   0x0800045e   0x00000032   Code   RO         4414    .text               mf_w.l(ffixi.o)
    0x08000490   0x08000490   0x00000028   Code   RO         4416    .text               mf_w.l(ffixui.o)
    0x080004b8   0x080004b8   0x00000032   Code   RO         4420    .text               mf_w.l(dfixui.o)
    0x080004ea   0x080004ea   0x00000026   Code   RO         4422    .text               mf_w.l(f2d.o)
    0x08000510   0x08000510   0x00000038   Code   RO         4424    .text               mf_w.l(d2f.o)
    0x08000548   0x08000548   0x0000002c   Code   RO         4484    .text               mc_w.l(uidiv.o)
    0x08000574   0x08000574   0x0000001e   Code   RO         4488    .text               mc_w.l(llshl.o)
    0x08000592   0x08000592   0x00000024   Code   RO         4490    .text               mc_w.l(llsshr.o)
    0x080005b6   0x080005b6   0x00000000   Code   RO         4499    .text               mc_w.l(iusefp.o)
    0x080005b6   0x080005b6   0x0000006e   Code   RO         4500    .text               mf_w.l(fepilogue.o)
    0x08000624   0x08000624   0x000000ba   Code   RO         4502    .text               mf_w.l(depilogue.o)
    0x080006de   0x080006de   0x00000002   PAD
    0x080006e0   0x080006e0   0x00000024   Code   RO         4514    .text               mc_w.l(init.o)
    0x08000704   0x08000704   0x0000005e   Code   RO         4526    .text               mc_w.l(__dclz77c.o)
    0x08000762   0x08000762   0x00000002   PAD
    0x08000764   0x08000764   0x00000056   Code   RO          846    i.ADC_ConversionStop_Disable  stm32f1xx_hal_adc.o
    0x080007ba   0x080007ba   0x0000004e   Code   RO          847    i.ADC_DMAConvCplt   stm32f1xx_hal_adc.o
    0x08000808   0x08000808   0x0000001a   Code   RO          848    i.ADC_DMAError      stm32f1xx_hal_adc.o
    0x08000822   0x08000822   0x0000000a   Code   RO          849    i.ADC_DMAHalfConvCplt  stm32f1xx_hal_adc.o
    0x0800082c   0x0800082c   0x0000007c   Code   RO          850    i.ADC_Enable        stm32f1xx_hal_adc.o
    0x080008a8   0x080008a8   0x00000024   Code   RO          351    i.ADC_Start         main.o
    0x080008cc   0x080008cc   0x0000001c   Code   RO          352    i.ADC_Stop          main.o
    0x080008e8   0x080008e8   0x00000040   Code   RO          149    i.AD_calcuate       user_calculate.o
    0x08000928   0x08000928   0x00000002   Code   RO          667    i.BusFault_Handler  stm32f1xx_it.o
    0x0800092a   0x0800092a   0x00000002   PAD
    0x0800092c   0x0800092c   0x00000044   Code   RO         3829    i.Clear_Screen      oled_draw.o
    0x08000970   0x08000970   0x0000000c   Code   RO          668    i.DMA1_Channel1_IRQHandler  stm32f1xx_it.o
    0x0800097c   0x0800097c   0x0000002a   Code   RO         1500    i.DMA_SetConfig     stm32f1xx_hal_dma.o
    0x080009a6   0x080009a6   0x00000002   Code   RO          669    i.DebugMon_Handler  stm32f1xx_it.o
    0x080009a8   0x080009a8   0x00000124   Code   RO         3831    i.DrawChar          oled_draw.o
    0x08000acc   0x08000acc   0x000000a6   Code   RO         3834    i.DrawLine          oled_draw.o
    0x08000b72   0x08000b72   0x0000006e   Code   RO         3839    i.DrawString        oled_draw.o
    0x08000be0   0x08000be0   0x00000062   Code   RO          193    i.Draw_Background   user_interface.o
    0x08000c42   0x08000c42   0x00000004   Code   RO          353    i.Error_Handler     main.o
    0x08000c46   0x08000c46   0x00000002   PAD
    0x08000c48   0x08000c48   0x0000000c   Code   RO         3693    i.GetDrawColor      oled_color.o
    0x08000c54   0x08000c54   0x0000000c   Code   RO         4056    i.GetFontSize       oled_font.o
    0x08000c60   0x08000c60   0x00000060   Code   RO          785    i.GetKeyFlag        key.o
    0x08000cc0   0x08000cc0   0x0000000c   Code   RO         4057    i.GetTextBkMode     oled_font.o
    0x08000ccc   0x08000ccc   0x000000fc   Code   RO          852    i.HAL_ADC_ConfigChannel  stm32f1xx_hal_adc.o
    0x08000dc8   0x08000dc8   0x00000014   Code   RO          354    i.HAL_ADC_ConvCpltCallback  main.o
    0x08000ddc   0x08000ddc   0x00000002   Code   RO          854    i.HAL_ADC_ConvHalfCpltCallback  stm32f1xx_hal_adc.o
    0x08000dde   0x08000dde   0x00000002   Code   RO          856    i.HAL_ADC_ErrorCallback  stm32f1xx_hal_adc.o
    0x08000de0   0x08000de0   0x0000011c   Code   RO          861    i.HAL_ADC_Init      stm32f1xx_hal_adc.o
    0x08000efc   0x08000efc   0x00000090   Code   RO          454    i.HAL_ADC_MspInit   adc.o
    0x08000f8c   0x08000f8c   0x0000010c   Code   RO          868    i.HAL_ADC_Start_DMA  stm32f1xx_hal_adc.o
    0x08001098   0x08001098   0x00000056   Code   RO          871    i.HAL_ADC_Stop_DMA  stm32f1xx_hal_adc.o
    0x080010ee   0x080010ee   0x00000046   Code   RO         1501    i.HAL_DMA_Abort     stm32f1xx_hal_dma.o
    0x08001134   0x08001134   0x00000154   Code   RO         1506    i.HAL_DMA_IRQHandler  stm32f1xx_hal_dma.o
    0x08001288   0x08001288   0x0000005c   Code   RO         1507    i.HAL_DMA_Init      stm32f1xx_hal_dma.o
    0x080012e4   0x080012e4   0x00000070   Code   RO         1511    i.HAL_DMA_Start_IT  stm32f1xx_hal_dma.o
    0x08001354   0x08001354   0x000001e0   Code   RO         1437    i.HAL_GPIO_Init     stm32f1xx_hal_gpio.o
    0x08001534   0x08001534   0x0000000a   Code   RO         1439    i.HAL_GPIO_ReadPin  stm32f1xx_hal_gpio.o
    0x0800153e   0x0800153e   0x0000000a   Code   RO         1441    i.HAL_GPIO_WritePin  stm32f1xx_hal_gpio.o
    0x08001548   0x08001548   0x0000000c   Code   RO         1133    i.HAL_GetTick       stm32f1xx_hal.o
    0x08001554   0x08001554   0x00000010   Code   RO         1139    i.HAL_IncTick       stm32f1xx_hal.o
    0x08001564   0x08001564   0x00000024   Code   RO         1140    i.HAL_Init          stm32f1xx_hal.o
    0x08001588   0x08001588   0x00000040   Code   RO         1141    i.HAL_InitTick      stm32f1xx_hal.o
    0x080015c8   0x080015c8   0x0000003c   Code   RO          761    i.HAL_MspInit       stm32f1xx_hal_msp.o
    0x08001604   0x08001604   0x0000001a   Code   RO         1597    i.HAL_NVIC_EnableIRQ  stm32f1xx_hal_cortex.o
    0x0800161e   0x0800161e   0x00000002   PAD
    0x08001620   0x08001620   0x00000040   Code   RO         1603    i.HAL_NVIC_SetPriority  stm32f1xx_hal_cortex.o
    0x08001660   0x08001660   0x00000024   Code   RO         1604    i.HAL_NVIC_SetPriorityGrouping  stm32f1xx_hal_cortex.o
    0x08001684   0x08001684   0x000000ec   Code   RO         1400    i.HAL_RCCEx_PeriphCLKConfig  stm32f1xx_hal_rcc_ex.o
    0x08001770   0x08001770   0x0000012c   Code   RO         1297    i.HAL_RCC_ClockConfig  stm32f1xx_hal_rcc.o
    0x0800189c   0x0800189c   0x00000020   Code   RO         1304    i.HAL_RCC_GetPCLK1Freq  stm32f1xx_hal_rcc.o
    0x080018bc   0x080018bc   0x00000020   Code   RO         1305    i.HAL_RCC_GetPCLK2Freq  stm32f1xx_hal_rcc.o
    0x080018dc   0x080018dc   0x0000006c   Code   RO         1306    i.HAL_RCC_GetSysClockFreq  stm32f1xx_hal_rcc.o
    0x08001948   0x08001948   0x00000320   Code   RO         1309    i.HAL_RCC_OscConfig  stm32f1xx_hal_rcc.o
    0x08001c68   0x08001c68   0x00000028   Code   RO         1608    i.HAL_SYSTICK_Config  stm32f1xx_hal_cortex.o
    0x08001c90   0x08001c90   0x00000002   Code   RO         2803    i.HAL_TIMEx_BreakCallback  stm32f1xx_hal_tim_ex.o
    0x08001c92   0x08001c92   0x00000002   Code   RO         2804    i.HAL_TIMEx_CommutCallback  stm32f1xx_hal_tim_ex.o
    0x08001c94   0x08001c94   0x00000068   Code   RO         2822    i.HAL_TIMEx_MasterConfigSynchronization  stm32f1xx_hal_tim_ex.o
    0x08001cfc   0x08001cfc   0x0000005a   Code   RO         2099    i.HAL_TIM_Base_Init  stm32f1xx_hal_tim.o
    0x08001d56   0x08001d56   0x00000002   PAD
    0x08001d58   0x08001d58   0x00000064   Code   RO          520    i.HAL_TIM_Base_MspInit  tim.o
    0x08001dbc   0x08001dbc   0x00000050   Code   RO         2102    i.HAL_TIM_Base_Start  stm32f1xx_hal_tim.o
    0x08001e0c   0x08001e0c   0x00000058   Code   RO         2104    i.HAL_TIM_Base_Start_IT  stm32f1xx_hal_tim.o
    0x08001e64   0x08001e64   0x00000026   Code   RO         2105    i.HAL_TIM_Base_Stop  stm32f1xx_hal_tim.o
    0x08001e8a   0x08001e8a   0x00000030   Code   RO         2107    i.HAL_TIM_Base_Stop_IT  stm32f1xx_hal_tim.o
    0x08001eba   0x08001eba   0x000000d6   Code   RO         2108    i.HAL_TIM_ConfigClockSource  stm32f1xx_hal_tim.o
    0x08001f90   0x08001f90   0x00000084   Code   RO          521    i.HAL_TIM_IC_CaptureCallback  tim.o
    0x08002014   0x08002014   0x0000010e   Code   RO         2135    i.HAL_TIM_IC_ConfigChannel  stm32f1xx_hal_tim.o
    0x08002122   0x08002122   0x0000005a   Code   RO         2138    i.HAL_TIM_IC_Init   stm32f1xx_hal_tim.o
    0x0800217c   0x0800217c   0x00000002   Code   RO         2140    i.HAL_TIM_IC_MspInit  stm32f1xx_hal_tim.o
    0x0800217e   0x0800217e   0x00000002   PAD
    0x08002180   0x08002180   0x000000e0   Code   RO         2143    i.HAL_TIM_IC_Start_IT  stm32f1xx_hal_tim.o
    0x08002260   0x08002260   0x00000086   Code   RO         2146    i.HAL_TIM_IC_Stop_IT  stm32f1xx_hal_tim.o
    0x080022e6   0x080022e6   0x00000166   Code   RO         2147    i.HAL_TIM_IRQHandler  stm32f1xx_hal_tim.o
    0x0800244c   0x0800244c   0x00000048   Code   RO          522    i.HAL_TIM_MspPostInit  tim.o
    0x08002494   0x08002494   0x00000002   Code   RO         2150    i.HAL_TIM_OC_DelayElapsedCallback  stm32f1xx_hal_tim.o
    0x08002496   0x08002496   0x000000c6   Code   RO         2171    i.HAL_TIM_PWM_ConfigChannel  stm32f1xx_hal_tim.o
    0x0800255c   0x0800255c   0x0000005a   Code   RO         2174    i.HAL_TIM_PWM_Init  stm32f1xx_hal_tim.o
    0x080025b6   0x080025b6   0x00000002   PAD
    0x080025b8   0x080025b8   0x0000003c   Code   RO          524    i.HAL_TIM_PWM_MspInit  tim.o
    0x080025f4   0x080025f4   0x00000002   Code   RO         2177    i.HAL_TIM_PWM_PulseFinishedCallback  stm32f1xx_hal_tim.o
    0x080025f6   0x080025f6   0x00000002   PAD
    0x080025f8   0x080025f8   0x0000009c   Code   RO         2179    i.HAL_TIM_PWM_Start  stm32f1xx_hal_tim.o
    0x08002694   0x08002694   0x0000001c   Code   RO          525    i.HAL_TIM_PeriodElapsedCallback  tim.o
    0x080026b0   0x080026b0   0x0000002a   Code   RO         2187    i.HAL_TIM_ReadCapturedValue  stm32f1xx_hal_tim.o
    0x080026da   0x080026da   0x00000002   Code   RO         2190    i.HAL_TIM_TriggerCallback  stm32f1xx_hal_tim.o
    0x080026dc   0x080026dc   0x00000062   Code   RO         3099    i.HAL_UART_Init     stm32f1xx_hal_uart.o
    0x0800273e   0x0800273e   0x00000002   PAD
    0x08002740   0x08002740   0x000000bc   Code   RO          617    i.HAL_UART_MspInit  usart.o
    0x080027fc   0x080027fc   0x000000b2   Code   RO         3107    i.HAL_UART_Transmit  stm32f1xx_hal_uart.o
    0x080028ae   0x080028ae   0x00000002   Code   RO          670    i.HardFault_Handler  stm32f1xx_it.o
    0x080028b0   0x080028b0   0x00000068   Code   RO          194    i.HeartRate_Display  user_interface.o
    0x08002918   0x08002918   0x000000a8   Code   RO          195    i.HeartState_Display  user_interface.o
    0x080029c0   0x080029c0   0x0000009c   Code   RO          196    i.HeartWave_display  user_interface.o
    0x08002a5c   0x08002a5c   0x00000038   Code   RO         3970    i.IIC_Start         oled_driver.o
    0x08002a94   0x08002a94   0x0000002c   Code   RO         3971    i.IIC_Stop          oled_driver.o
    0x08002ac0   0x08002ac0   0x00000024   Code   RO         3972    i.IIC_Wait_Ack      oled_driver.o
    0x08002ae4   0x08002ae4   0x0000004c   Code   RO          455    i.MX_ADC1_Init      adc.o
    0x08002b30   0x08002b30   0x0000002c   Code   RO          495    i.MX_DMA_Init       dma.o
    0x08002b5c   0x08002b5c   0x000000bc   Code   RO          429    i.MX_GPIO_Init      gpio.o
    0x08002c18   0x08002c18   0x00000098   Code   RO          526    i.MX_TIM2_Init      tim.o
    0x08002cb0   0x08002cb0   0x00000098   Code   RO          527    i.MX_TIM3_Init      tim.o
    0x08002d48   0x08002d48   0x00000038   Code   RO          618    i.MX_USART1_UART_Init  usart.o
    0x08002d80   0x08002d80   0x00000038   Code   RO          619    i.MX_USART3_UART_Init  usart.o
    0x08002db8   0x08002db8   0x00000002   Code   RO          671    i.MemManage_Handler  stm32f1xx_it.o
    0x08002dba   0x08002dba   0x00000002   Code   RO          672    i.NMI_Handler       stm32f1xx_it.o
    0x08002dbc   0x08002dbc   0x00000034   Code   RO         3973    i.OLED_CLS          oled_driver.o
    0x08002df0   0x08002df0   0x0000003a   Code   RO         3974    i.OLED_FILL         oled_driver.o
    0x08002e2a   0x08002e2a   0x000000b2   Code   RO         3976    i.OLED_Init         oled_driver.o
    0x08002edc   0x08002edc   0x00000002   Code   RO          673    i.PendSV_Handler    stm32f1xx_it.o
    0x08002ede   0x08002ede   0x00000002   Code   RO          674    i.SVC_Handler       stm32f1xx_it.o
    0x08002ee0   0x08002ee0   0x00000064   Code   RO          528    i.Sampling_time     tim.o
    0x08002f44   0x08002f44   0x00000044   Code   RO         3624    i.SetPointBuffer    oled_buffer.o
    0x08002f88   0x08002f88   0x00000004   Code   RO          675    i.SysTick_Handler   stm32f1xx_it.o
    0x08002f8c   0x08002f8c   0x00000076   Code   RO          355    i.SystemClock_Config  main.o
    0x08003002   0x08003002   0x00000002   Code   RO         3428    i.SystemInit        system_stm32f1xx.o
    0x08003004   0x08003004   0x0000000c   Code   RO          676    i.TIM2_IRQHandler   stm32f1xx_it.o
    0x08003010   0x08003010   0x00000080   Code   RO          529    i.TIM2_Poll         tim.o
    0x08003090   0x08003090   0x00000020   Code   RO          530    i.TIM2_SetCapturePolarity  tim.o
    0x080030b0   0x080030b0   0x0000000c   Code   RO          677    i.TIM3_IRQHandler   stm32f1xx_it.o
    0x080030bc   0x080030bc   0x0000006c   Code   RO         2192    i.TIM_Base_SetConfig  stm32f1xx_hal_tim.o
    0x08003128   0x08003128   0x0000001a   Code   RO         2193    i.TIM_CCxChannelCmd  stm32f1xx_hal_tim.o
    0x08003142   0x08003142   0x00000014   Code   RO         2203    i.TIM_ETR_SetConfig  stm32f1xx_hal_tim.o
    0x08003156   0x08003156   0x00000010   Code   RO         2204    i.TIM_ITRx_SetConfig  stm32f1xx_hal_tim.o
    0x08003166   0x08003166   0x00000002   PAD
    0x08003168   0x08003168   0x00000050   Code   RO         2205    i.TIM_OC1_SetConfig  stm32f1xx_hal_tim.o
    0x080031b8   0x080031b8   0x00000058   Code   RO         2206    i.TIM_OC2_SetConfig  stm32f1xx_hal_tim.o
    0x08003210   0x08003210   0x00000058   Code   RO         2207    i.TIM_OC3_SetConfig  stm32f1xx_hal_tim.o
    0x08003268   0x08003268   0x00000044   Code   RO         2208    i.TIM_OC4_SetConfig  stm32f1xx_hal_tim.o
    0x080032ac   0x080032ac   0x00000022   Code   RO         2210    i.TIM_TI1_ConfigInputStage  stm32f1xx_hal_tim.o
    0x080032ce   0x080032ce   0x00000002   PAD
    0x080032d0   0x080032d0   0x00000058   Code   RO         2211    i.TIM_TI1_SetConfig  stm32f1xx_hal_tim.o
    0x08003328   0x08003328   0x00000024   Code   RO         2212    i.TIM_TI2_ConfigInputStage  stm32f1xx_hal_tim.o
    0x0800334c   0x0800334c   0x00000036   Code   RO         2213    i.TIM_TI2_SetConfig  stm32f1xx_hal_tim.o
    0x08003382   0x08003382   0x00000002   PAD
    0x08003384   0x08003384   0x000000b8   Code   RO         3125    i.UART_SetConfig    stm32f1xx_hal_uart.o
    0x0800343c   0x0800343c   0x00000064   Code   RO         3128    i.UART_WaitOnFlagUntilTimeout  stm32f1xx_hal_uart.o
    0x080034a0   0x080034a0   0x00000004   Code   RO         3484    i.UpdateScreen      oled_basic.o
    0x080034a4   0x080034a4   0x0000000c   Code   RO         3731    i.UpdateScreenBuffer  oled_config.o
    0x080034b0   0x080034b0   0x00000004   Code   RO         3627    i.UpdateScreenDisplay  oled_buffer.o
    0x080034b4   0x080034b4   0x00000002   Code   RO          678    i.UsageFault_Handler  stm32f1xx_it.o
    0x080034b6   0x080034b6   0x0000000e   Code   RO          197    i.Wave_Background   user_interface.o
    0x080034c4   0x080034c4   0x0000001c   Code   RO         3629    i.WriteByteBuffer   oled_buffer.o
    0x080034e0   0x080034e0   0x0000002e   Code   RO         3979    i.WriteCmd          oled_driver.o
    0x0800350e   0x0800350e   0x0000002e   Code   RO         3980    i.WriteDat          oled_driver.o
    0x0800353c   0x0800353c   0x0000005c   Code   RO         3981    i.Write_IIC_Byte    oled_driver.o
    0x08003598   0x08003598   0x00000020   Code   RO         4220    i.__0printf$3       mc_w.l(printf3.o)
    0x080035b8   0x080035b8   0x00000028   Code   RO         4222    i.__0sprintf$3      mc_w.l(printf3.o)
    0x080035e0   0x080035e0   0x00000020   Code   RO         1610    i.__NVIC_SetPriority  stm32f1xx_hal_cortex.o
    0x08003600   0x08003600   0x0000000e   Code   RO         4520    i.__scatterload_copy  mc_w.l(handlers.o)
    0x0800360e   0x0800360e   0x00000002   Code   RO         4521    i.__scatterload_null  mc_w.l(handlers.o)
    0x08003610   0x08003610   0x0000000e   Code   RO         4522    i.__scatterload_zeroinit  mc_w.l(handlers.o)
    0x0800361e   0x0800361e   0x00000002   PAD
    0x08003620   0x08003620   0x000001b8   Code   RO         4227    i._printf_core      mc_w.l(printf3.o)
    0x080037d8   0x080037d8   0x0000000a   Code   RO         4229    i._sputc            mc_w.l(printf3.o)
    0x080037e2   0x080037e2   0x00000002   PAD
    0x080037e4   0x080037e4   0x00000024   Code   RO           14    i.fputc             user_usart.o
    0x08003808   0x08003808   0x00000042   Code   RO          356    i.main              main.o
    0x0800384a   0x0800384a   0x00000002   PAD
    0x0800384c   0x0800384c   0x000001fc   Code   RO          357    i.main_task         main.o
    0x08003a48   0x08003a48   0x00000004   Code   RO         3488    i.pgm_read_byte     oled_basic.o
    0x08003a4c   0x08003a4c   0x00000010   Data   RO         3429    .constdata          system_stm32f1xx.o
    0x08003a5c   0x08003a5c   0x00000008   Data   RO         3430    .constdata          system_stm32f1xx.o
    0x08003a64   0x08003a64   0x00000500   Data   RO         4060    .constdata          oled_font.o
    0x08003f64   0x08003f64   0x00000001   Data   RO         4061    .constdata          oled_font.o
    0x08003f65   0x08003f65   0x00000003   PAD
    0x08003f68   0x08003f68   0x00000020   Data   RO         4518    Region$$Table       anon$$obj.o


    Execution Region RW_IRAM1 (Exec base: 0x20000000, Load base: 0x08003f88, Size: 0x00003ff8, Max: 0x00005000, ABSOLUTE, COMPRESSED[0x0000052c])

    Exec Addr    Load Addr    Size         Type   Attr      Idx    E Section Name        Object

    0x20000000   COMPRESSED   0x00000002   Data   RW           15    .data               user_usart.o
    0x20000002   COMPRESSED   0x00000002   PAD
    0x20000004   COMPRESSED   0x0000080c   Data   RW          362    .data               main.o
    0x20000810   COMPRESSED   0x0000000c   Data   RW          532    .data               tim.o
    0x2000081c   COMPRESSED   0x0000000c   Data   RW         1147    .data               stm32f1xx_hal.o
    0x20000828   COMPRESSED   0x00000004   Data   RW         3431    .data               system_stm32f1xx.o
    0x2000082c   COMPRESSED   0x00000001   Data   RW         3631    .data               oled_buffer.o
    0x2000082d   COMPRESSED   0x00000002   Data   RW         3697    .data               oled_color.o
    0x2000082f   COMPRESSED   0x00000002   Data   RW         4063    .data               oled_font.o
    0x20000831   COMPRESSED   0x00000003   PAD
    0x20000834   COMPRESSED   0x00000004   Data   RW         4483    .data               mc_w.l(stdout.o)
    0x20000838        -       0x00002e28   Zero   RW          358    .bss                main.o
    0x20003660        -       0x00000074   Zero   RW          456    .bss                adc.o
    0x200036d4        -       0x0000009c   Zero   RW          531    .bss                tim.o
    0x20003770        -       0x00000088   Zero   RW          620    .bss                usart.o
    0x200037f8        -       0x00000400   Zero   RW         3630    .bss                oled_buffer.o
    0x20003bf8        -       0x00000400   Zero   RW            1    STACK               startup_stm32f103xb.o


==============================================================================

Image component sizes


      Code (inc. data)   RO Data    RW Data    ZI Data      Debug   Object Name

       220         30          0          0        116       1759   adc.o
        44          4          0          0          0        766   dma.o
       188         12          0          0          0        987   gpio.o
        96         22          0          0          0        505   key.o
       780        182          0       2060      11816       5550   main.o
         8          0          0          0          0       1786   oled_basic.o
       100         18          0          1       1024       2456   oled_buffer.o
        12          6          0          2          0        695   oled_color.o
        12          6          0          0          0        457   oled_config.o
       636         14          0          0          0       4342   oled_draw.o
       608         20          0          0          0       5438   oled_driver.o
        24         12       1281          2          0       2115   oled_font.o
        36          8        236          0       1024        800   startup_stm32f103xb.o
       128         24          0         12          0       5333   stm32f1xx_hal.o
      1218         56          0          0          0       8838   stm32f1xx_hal_adc.o
       198         14          0          0          0      28983   stm32f1xx_hal_cortex.o
       656         32          0          0          0       4295   stm32f1xx_hal_dma.o
       500         34          0          0          0       3535   stm32f1xx_hal_gpio.o
        60          8          0          0          0        882   stm32f1xx_hal_msp.o
      1272        100          0          0          0       5220   stm32f1xx_hal_rcc.o
       236         12          0          0          0       1396   stm32f1xx_hal_rcc_ex.o
      2834         96          0          0          0      23092   stm32f1xx_hal_tim.o
       108         12          0          0          0       2389   stm32f1xx_hal_tim_ex.o
       560          6          0          0          0       3968   stm32f1xx_hal_uart.o
        56         18          0          0          0       5237   stm32f1xx_it.o
         2          0         24          4          0       1131   system_stm32f1xx.o
       956        110          0         12        156       6606   tim.o
       300         38          0          0        136       2363   usart.o
        64          6          0          0          0       1609   user_calculate.o
       540         76          0          0          0       4255   user_interface.o
        36         10          0          2          0     442130   user_usart.o

    ----------------------------------------------------------------------
     12512        986       1576       2100      14272     578918   Object Totals
         0          0         32          0          0          0   (incl. Generated)
        24          0          3          5          0          0   (incl. Padding)

    ----------------------------------------------------------------------

      Code (inc. data)   RO Data    RW Data    ZI Data      Debug   Library Member Name

        94          0          0          0          0          0   __dclz77c.o
         0          0          0          0          0          0   entry.o
         0          0          0          0          0          0   entry10a.o
         0          0          0          0          0          0   entry11a.o
         4          0          0          0          0          0   entry12b.o
         8          4          0          0          0          0   entry2.o
         4          0          0          0          0          0   entry5.o
         0          0          0          0          0          0   entry7b.o
         0          0          0          0          0          0   entry8b.o
         8          4          0          0          0          0   entry9a.o
        30          0          0          0          0          0   handlers.o
        36          8          0          0          0         68   init.o
         0          0          0          0          0          0   iusefp.o
        30          0          0          0          0         68   llshl.o
        36          0          0          0          0         68   llsshr.o
        32          0          0          0          0         68   llushr.o
        36          0          0          0          0        108   memseta.o
       522         20          0          0          0        336   printf3.o
         0          0          0          4          0          0   stdout.o
        44          0          0          0          0         80   uidiv.o
        56          0          0          0          0         88   d2f.o
       334          0          0          0          0        148   dadd.o
       222          0          0          0          0        100   ddiv.o
       186          0          0          0          0        176   depilogue.o
        50          0          0          0          0         76   dfixui.o
        46          0          0          0          0         80   dscalb.o
        38          0          0          0          0         68   f2d.o
       110          0          0          0          0        168   fepilogue.o
        50          0          0          0          0         68   ffixi.o
        40          0          0          0          0         68   ffixui.o
        18          0          0          0          0         68   fflti.o
        10          0          0          0          0         68   ffltui.o
       100          0          0          0          0         76   fmul.o
        24          0          0          0          0         68   fscalb.o

    ----------------------------------------------------------------------
      2176         36          0          4          0       2116   Library Totals
         8          0          0          0          0          0   (incl. Padding)

    ----------------------------------------------------------------------

      Code (inc. data)   RO Data    RW Data    ZI Data      Debug   Library Name

       884         36          0          4          0        796   mc_w.l
      1284          0          0          0          0       1320   mf_w.l

    ----------------------------------------------------------------------
      2176         36          0          4          0       2116   Library Totals

    ----------------------------------------------------------------------

==============================================================================


      Code (inc. data)   RO Data    RW Data    ZI Data      Debug   

     14688       1022       1576       2104      14272     573050   Grand Totals
     14688       1022       1576       1324      14272     573050   ELF Image Totals (compressed)
     14688       1022       1576       1324          0          0   ROM Totals

==============================================================================

    Total RO  Size (Code + RO Data)                16264 (  15.88kB)
    Total RW  Size (RW Data + ZI Data)             16376 (  15.99kB)
    Total ROM Size (Code + RO Data + RW Data)      17588 (  17.18kB)

==============================================================================

